<html>
<body>
<pre>
<h1>礦ision Build Log</h1>
<h2>Tool Versions:</h2>
IDE-Version: μVision V5.36.0.0
Copyright (C) 2021 ARM Ltd and ARM Germany GmbH. All rights reserved.
License Information: Pazfic Deouny, SZTU, LIC=CZLZX-HVES6-RACDM-XE2GC-TC5LS-XSJY4
 
Tool Versions:
Toolchain:       MDK-ARM Plus  Version: 5.36.0.0
Toolchain Path:  D:\keil5\ARM\ARMCC\Bin
C Compiler:      Armcc.exe V5.06 update 7 (build 960)
Assembler:       Armasm.exe V5.06 update 7 (build 960)
Linker/Locator:  ArmLink.exe V5.06 update 7 (build 960)
Library Manager: ArmAr.exe V5.06 update 7 (build 960)
Hex Converter:   FromElf.exe V5.06 update 7 (build 960)
CPU DLL:         SARMCM3.DLL V5.36.0.0
Dialog DLL:      DARMCM1.DLL V1.19.4.0
Target DLL:      STLink\ST-LINKIII-KEIL_SWO.dll V3.0.9.0
Dialog DLL:      TARMCM1.DLL V1.14.4.0
 
<h2>Project:</h2>
D:\1024_project\UWB_Rebuilt\MDK-ARM\mini5.uvprojx
Project File Date:  09/01/2025

<h2>Output:</h2>
*** Using Compiler 'V5.06 update 7 (build 960)', folder: 'D:\keil5\ARM\ARMCC\Bin'
Build target 'mini5'
compiling deca_instance.c...
..\mydriver\deca_instance.c(81): warning:  #47-D: incompatible redefinition of macro "POLL_MSG_LEN"  (declared at line 42 of "..\mydriver\dwt_common.h")
  #define POLL_MSG_LEN        7  // Tag发送的POLL帧的长度-FCODE(1)+RANGE_NUM(1)+POLL_TX_TS(5)
..\mydriver\deca_instance.c(228): warning:  #177-D: variable "ret_T"  was declared but never referenced
      int ret_T = 0;
..\mydriver\deca_instance.c(229): warning:  #177-D: variable "ret_A"  was declared but never referenced
      int ret_A = 0;
..\mydriver\deca_instance.c(230): warning:  #177-D: variable "u"  was declared but never referenced
      int u = 0;
..\mydriver\deca_instance.c(591): warning:  #177-D: variable "Anch_num"  was declared but never referenced
          uint8_t Anch_num = 0;
..\mydriver\deca_instance.c(674): warning:  #177-D: variable "calcwaittime"  was declared but never referenced
      int calcwaittime = 0;
..\mydriver\deca_instance.c(730): warning:  #550-D: variable "tof_ticks"  was set but never used
                  uint64_t tof_ticks = 0;
..\mydriver\deca_instance.c(852): warning:  #177-D: variable "Anch_num"  was declared but never referenced
          uint8_t Anch_num = 0;
..\mydriver\deca_instance.c(1008): warning:  #167-D: argument of type "uint8_t *" is incompatible with parameter of type "char *restrict"
              u = sprintf((uint8_t *)sendbuff[0], "t%x %08x %08x %08x %08x : %04x %04x %04x %04x\r\n", taddr, dist[0],
..\mydriver\deca_instance.c(1008): warning:  #181-D: argument is incompatible with corresponding format string conversion
              u = sprintf((uint8_t *)sendbuff[0], "t%x %08x %08x %08x %08x : %04x %04x %04x %04x\r\n", taddr, dist[0],
..\mydriver\deca_instance.c(1009): warning:  #181-D: argument is incompatible with corresponding format string conversion
                          dist[1], dist[2], dist[3], cand_anchor_addr[0], cand_anchor_addr[1], cand_anchor_addr[2],
..\mydriver\deca_instance.c(1009): warning:  #181-D: argument is incompatible with corresponding format string conversion
                          dist[1], dist[2], dist[3], cand_anchor_addr[0], cand_anchor_addr[1], cand_anchor_addr[2],
..\mydriver\deca_instance.c(1009): warning:  #181-D: argument is incompatible with corresponding format string conversion
                          dist[1], dist[2], dist[3], cand_anchor_addr[0], cand_anchor_addr[1], cand_anchor_addr[2],
..\mydriver\deca_instance.c(1031): warning:  #167-D: argument of type "uint8_t *" is incompatible with parameter of type "char *restrict"
              u = sprintf((uint8_t *)sendbuff[0], "t%x %08x %08x %08x %08x : %04x %04x %04x %04x\r\n", taddr, dist[0],
..\mydriver\deca_instance.c(1031): warning:  #181-D: argument is incompatible with corresponding format string conversion
              u = sprintf((uint8_t *)sendbuff[0], "t%x %08x %08x %08x %08x : %04x %04x %04x %04x\r\n", taddr, dist[0],
..\mydriver\deca_instance.c(1032): warning:  #181-D: argument is incompatible with corresponding format string conversion
                          dist[1], dist[2], dist[3], cand_anchor_addr[0], cand_anchor_addr[1], cand_anchor_addr[2],
..\mydriver\deca_instance.c(1032): warning:  #181-D: argument is incompatible with corresponding format string conversion
                          dist[1], dist[2], dist[3], cand_anchor_addr[0], cand_anchor_addr[1], cand_anchor_addr[2],
..\mydriver\deca_instance.c(1032): warning:  #181-D: argument is incompatible with corresponding format string conversion
                          dist[1], dist[2], dist[3], cand_anchor_addr[0], cand_anchor_addr[1], cand_anchor_addr[2],
..\mydriver\deca_instance.c(1052): warning:  #167-D: argument of type "uint8_t *" is incompatible with parameter of type "char *restrict"
              u = sprintf((uint8_t *)sendbuff[0], "t%x %08x %08x %08x %08x : %04x %04x %04x %04x\r\n", taddr, dist[0],
..\mydriver\deca_instance.c(1052): warning:  #181-D: argument is incompatible with corresponding format string conversion
              u = sprintf((uint8_t *)sendbuff[0], "t%x %08x %08x %08x %08x : %04x %04x %04x %04x\r\n", taddr, dist[0],
..\mydriver\deca_instance.c(1053): warning:  #181-D: argument is incompatible with corresponding format string conversion
                          dist[1], dist[2], dist[3], cand_anchor_addr[0], cand_anchor_addr[1], cand_anchor_addr[2],
..\mydriver\deca_instance.c(1053): warning:  #181-D: argument is incompatible with corresponding format string conversion
                          dist[1], dist[2], dist[3], cand_anchor_addr[0], cand_anchor_addr[1], cand_anchor_addr[2],
..\mydriver\deca_instance.c(1053): warning:  #181-D: argument is incompatible with corresponding format string conversion
                          dist[1], dist[2], dist[3], cand_anchor_addr[0], cand_anchor_addr[1], cand_anchor_addr[2],
..\mydriver\deca_instance.c(713): warning:  #177-D: function "TA_Rx_Grant_Handler"  was declared but never referenced
  static void TA_Rx_Grant_Handler(void) {
..\mydriver\deca_instance.c(195): warning:  #177-D: variable "resp_rx_tag"  was declared but never referenced
  static uint64_t resp_rx_tag[MAX_ANCHOR_LIST_SIZE]; // 发送response 时间
..\mydriver\deca_instance.c(1147): warning:  #177-D: function "get_tx_timestamp_u64"  was declared but never referenced
  static uint64_t get_tx_timestamp_u64(void) {
..\mydriver\deca_instance.c: 26 warnings, 0 errors
linking...
Program Size: Code=31968 RO-data=1144 RW-data=332 ZI-data=5100  
FromELF: creating hex file...
"mini5\mini5.axf" - 0 Error(s), 26 Warning(s).

<h2>Software Packages used:</h2>

Package Vendor: ARM
                http://www.keil.com/pack/ARM.CMSIS.5.9.0.pack
                ARM.CMSIS.5.9.0
                CMSIS (Common Microcontroller Software Interface Standard)
   * Component: CORE Version: 5.6.0

Package Vendor: Keil
                https://www.keil.com/pack/Keil.STM32G0xx_DFP.2.0.0.pack
                Keil.STM32G0xx_DFP.2.0.0
                STMicroelectronics STM32G0 Series Device Support

<h2>Collection of Component include folders:</h2>
  .\RTE\_mini5
  C:\Users\34509\AppData\Local\Arm\Packs\ARM\CMSIS\5.9.0\CMSIS\Core\Include

<h2>Collection of Component Files used:</h2>

   * Component: ARM::CMSIS:CORE:5.6.0
      Include file:  CMSIS\Core\Include\tz_context.h
Build Time Elapsed:  00:00:02
</pre>
</body>
</html>
