Component: ARM Compiler 5.06 update 7 (build 960) Tool: armlink [4d3601]

==============================================================================

Section Cross References

    startup_stm32g070xx.o(STACK) refers (Special) to heapauxi.o(.text) for __use_two_region_memory
    startup_stm32g070xx.o(HEAP) refers (Special) to heapauxi.o(.text) for __use_two_region_memory
    startup_stm32g070xx.o(RESET) refers (Special) to heapauxi.o(.text) for __use_two_region_memory
    startup_stm32g070xx.o(RESET) refers to startup_stm32g070xx.o(STACK) for __initial_sp
    startup_stm32g070xx.o(RESET) refers to startup_stm32g070xx.o(.text) for Reset_Handler
    startup_stm32g070xx.o(RESET) refers to stm32g0xx_it.o(i.NMI_Handler) for NMI_Handler
    startup_stm32g070xx.o(RESET) refers to stm32g0xx_it.o(i.HardFault_Handler) for HardFault_Handler
    startup_stm32g070xx.o(RESET) refers to stm32g0xx_it.o(i.SVC_Handler) for SVC_Handler
    startup_stm32g070xx.o(RESET) refers to stm32g0xx_it.o(i.PendSV_Handler) for PendSV_Handler
    startup_stm32g070xx.o(RESET) refers to stm32g0xx_it.o(i.SysTick_Handler) for SysTick_Handler
    startup_stm32g070xx.o(RESET) refers to stm32g0xx_it.o(i.EXTI4_15_IRQHandler) for EXTI4_15_IRQHandler
    startup_stm32g070xx.o(RESET) refers to stm32g0xx_it.o(i.DMA1_Channel2_3_IRQHandler) for DMA1_Channel2_3_IRQHandler
    startup_stm32g070xx.o(RESET) refers to stm32g0xx_it.o(i.DMA1_Ch4_7_DMAMUX1_OVR_IRQHandler) for DMA1_Ch4_7_DMAMUX1_OVR_IRQHandler
    startup_stm32g070xx.o(RESET) refers to stm32g0xx_it.o(i.TIM1_BRK_UP_TRG_COM_IRQHandler) for TIM1_BRK_UP_TRG_COM_IRQHandler
    startup_stm32g070xx.o(RESET) refers to stm32g0xx_it.o(i.TIM1_CC_IRQHandler) for TIM1_CC_IRQHandler
    startup_stm32g070xx.o(RESET) refers to stm32g0xx_it.o(i.USART1_IRQHandler) for USART1_IRQHandler
    startup_stm32g070xx.o(RESET) refers to stm32g0xx_it.o(i.USART3_4_IRQHandler) for USART3_4_IRQHandler
    startup_stm32g070xx.o(.text) refers (Special) to heapauxi.o(.text) for __use_two_region_memory
    startup_stm32g070xx.o(.text) refers to system_stm32g0xx.o(i.SystemInit) for SystemInit
    startup_stm32g070xx.o(.text) refers to __main.o(!!!main) for __main
    startup_stm32g070xx.o(.text) refers to startup_stm32g070xx.o(HEAP) for Heap_Mem
    startup_stm32g070xx.o(.text) refers to startup_stm32g070xx.o(STACK) for Stack_Mem
    deca_instance.o(i.TA_Feedback_Handler) refers to _printf_pad.o(.text) for _printf_pre_padding
    deca_instance.o(i.TA_Feedback_Handler) refers to _printf_percent.o(.ARM.Collect$$_printf_percent$$00000000) for _printf_percent
    deca_instance.o(i.TA_Feedback_Handler) refers to _printf_d.o(.ARM.Collect$$_printf_percent$$00000009) for _printf_d
    deca_instance.o(i.TA_Feedback_Handler) refers to _printf_x.o(.ARM.Collect$$_printf_percent$$0000000C) for _printf_x
    deca_instance.o(i.TA_Feedback_Handler) refers to _printf_dec.o(.text) for _printf_int_dec
    deca_instance.o(i.TA_Feedback_Handler) refers to _printf_hex_int.o(.text) for _printf_longlong_hex
    deca_instance.o(i.TA_Feedback_Handler) refers to rt_memclr.o(.text) for __aeabi_memclr4
    deca_instance.o(i.TA_Feedback_Handler) refers to deca_instance.o(i.instance_calc_distance) for instance_calc_distance
    deca_instance.o(i.TA_Feedback_Handler) refers to daddsub.o(.text) for __aeabi_dadd
    deca_instance.o(i.TA_Feedback_Handler) refers to dscalbn.o(.text) for __ARM_scalbn
    deca_instance.o(i.TA_Feedback_Handler) refers to dfixi.o(.text) for __aeabi_d2iz
    deca_instance.o(i.TA_Feedback_Handler) refers to __2sprintf.o(.text) for __2sprintf
    deca_instance.o(i.TA_Feedback_Handler) refers to usart.o(i.Usart1_DmaTx) for Usart1_DmaTx
    deca_instance.o(i.TA_Feedback_Handler) refers to usart.o(i.Usart3_DmaTx) for Usart3_DmaTx
    deca_instance.o(i.TA_Feedback_Handler) refers to deca_instance.o(.bss) for .bss
    deca_instance.o(i.TA_Feedback_Handler) refers to deca_instance.o(.data) for .data
    deca_instance.o(i.TA_Init_Handler) refers to deca_device.o(i.dwt_seteui) for dwt_seteui
    deca_instance.o(i.TA_Init_Handler) refers to deca_device.o(i.dwt_setpanid) for dwt_setpanid
    deca_instance.o(i.TA_Init_Handler) refers to deca_instance.o(.bss) for .bss
    deca_instance.o(i.TA_Init_Handler) refers to deca_instance.o(.data) for .data
    deca_instance.o(i.TA_Init_Handler) refers to tim.o(.data) for Anch_RecNt
    deca_instance.o(i.TA_Init_Handler) refers to flash_info.o(.bss) for sys_para
    deca_instance.o(i.TA_Init_Handler) refers to deca_table.o(.data) for T_ID
    deca_instance.o(i.TA_Rx_Cand_Handler) refers to deca_instance.o(i.get_rx_timestamp_u64) for get_rx_timestamp_u64
    deca_instance.o(i.TA_Rx_Cand_Handler) refers to deca_instance.o(i.msg_get_ts) for msg_get_ts
    deca_instance.o(i.TA_Rx_Cand_Handler) refers to deca_device.o(i.dwt_setrxtimeout) for dwt_setrxtimeout
    deca_instance.o(i.TA_Rx_Cand_Handler) refers to deca_device.o(i.dwt_rxenable) for dwt_rxenable
[...]
    TIM7_IRQHandler                          0x080001cb   Thumb Code     0  startup_stm32g070xx.o(.text)
    USART2_IRQHandler                        0x080001cb   Thumb Code     0  startup_stm32g070xx.o(.text)
    WWDG_IRQHandler                          0x080001cb   Thumb Code     0  startup_stm32g070xx.o(.text)
    __user_initial_stackheap                 0x080001cd   Thumb Code     0  startup_stm32g070xx.o(.text)
    __use_no_semihosting                     0x080001f1   Thumb Code     2  use_no_semi_2.o(.text)
    __2printf                                0x080001f5   Thumb Code    22  __2printf.o(.text)
    __2sprintf                               0x08000211   Thumb Code    40  __2sprintf.o(.text)
    _printf_pre_padding                      0x0800023d   Thumb Code    44  _printf_pad.o(.text)
    _printf_post_padding                     0x08000269   Thumb Code    34  _printf_pad.o(.text)
    _printf_str                              0x0800028b   Thumb Code    82  _printf_str.o(.text)
    _printf_int_dec                          0x080002dd   Thumb Code    90  _printf_dec.o(.text)
    _printf_int_hex                          0x08000349   Thumb Code    84  _printf_hex_int.o(.text)
    _printf_longlong_hex                     0x08000349   Thumb Code     0  _printf_hex_int.o(.text)
    __printf                                 0x080003a1   Thumb Code   306  __printf_flags_wp.o(.text)
    __0sscanf                                0x080004d9   Thumb Code    54  __0sscanf.o(.text)
    _scanf_int                               0x08000519   Thumb Code   330  _scanf_int.o(.text)
    strstr                                   0x08000663   Thumb Code    40  strstr.o(.text)
    __aeabi_memcpy                           0x0800068b   Thumb Code   130  rt_memcpy.o(.text)
    __rt_memcpy                              0x0800068b   Thumb Code     0  rt_memcpy.o(.text)
    _memset_w                                0x0800070d   Thumb Code    26  rt_memclr.o(.text)
    _memset                                  0x08000727   Thumb Code    30  rt_memclr.o(.text)
    __aeabi_memclr                           0x08000745   Thumb Code     4  rt_memclr.o(.text)
    __rt_memclr                              0x08000745   Thumb Code     0  rt_memclr.o(.text)
    __aeabi_memclr4                          0x08000749   Thumb Code     0  rt_memclr.o(.text)
    __aeabi_memclr8                          0x08000749   Thumb Code     0  rt_memclr.o(.text)
    __rt_memclr_w                            0x08000749   Thumb Code     4  rt_memclr.o(.text)
    __aeabi_uidiv                            0x0800074d   Thumb Code     0  aeabi_sdiv.o(.text)
    __aeabi_uidivmod                         0x0800074d   Thumb Code    20  aeabi_sdiv.o(.text)
    __aeabi_idiv                             0x08000761   Thumb Code     0  aeabi_sdiv.o(.text)
    __aeabi_idivmod                          0x08000761   Thumb Code   326  aeabi_sdiv.o(.text)
    __use_two_region_memory                  0x080008a7   Thumb Code     2  heapauxi.o(.text)
    __rt_heap_escrow$2region                 0x080008a9   Thumb Code     2  heapauxi.o(.text)
    __rt_heap_expand$2region                 0x080008ab   Thumb Code     2  heapauxi.o(.text)
    __aeabi_dadd                             0x08000ba5   Thumb Code     0  daddsub.o(.text)
    _dadd                                    0x08000ba5   Thumb Code    26  daddsub.o(.text)
    __aeabi_dsub                             0x08000bbf   Thumb Code     0  daddsub.o(.text)
    _dsub                                    0x08000bbf   Thumb Code    22  daddsub.o(.text)
    __aeabi_drsub                            0x08000bd5   Thumb Code     0  daddsub.o(.text)
    _drsb                                    0x08000bd5   Thumb Code    28  daddsub.o(.text)
    __aeabi_ddiv                             0x08000c05   Thumb Code     0  ddiv.o(.text)
    _ddiv                                    0x08000c05   Thumb Code  1072  ddiv.o(.text)
    _drdiv                                   0x08001035   Thumb Code    20  ddiv.o(.text)
    __aeabi_d2iz                             0x0800104d   Thumb Code     0  dfixi.o(.text)
    _dfix                                    0x0800104d   Thumb Code    98  dfixi.o(.text)
    __aeabi_d2lz                             0x080010b9   Thumb Code     0  dfixl.o(.text)
    _ll_sfrom_d                              0x080010b9   Thumb Code   174  dfixl.o(.text)
    __aeabi_i2d_normalise                    0x0800116d   Thumb Code    66  dflti.o(.text)
    __aeabi_i2d                              0x080011af   Thumb Code    16  dflti.o(.text)
    _dflt                                    0x080011af   Thumb Code     0  dflti.o(.text)
    __aeabi_ui2d                             0x080011bf   Thumb Code     6  dflti.o(.text)
    _dfltu                                   0x080011bf   Thumb Code     0  dflti.o(.text)
    __aeabi_l2d_normalise                    0x080011c5   Thumb Code   104  dfltl.o(.text)
    __aeabi_l2d                              0x0800122d   Thumb Code    20  dfltl.o(.text)
    _ll_sto_d                                0x0800122d   Thumb Code     0  dfltl.o(.text)
    __aeabi_ul2d                             0x08001241   Thumb Code     4  dfltl.o(.text)
    _ll_uto_d                                0x08001241   Thumb Code     0  dfltl.o(.text)
    __aeabi_dmul                             0x08001249   Thumb Code     0  dmul.o(.text)
    _dmul                                    0x08001249   Thumb Code   558  dmul.o(.text)
    __ARM_scalbn                             0x08001491   Thumb Code    84  dscalbn.o(.text)
    __I$use$semihosting                      0x080014f1   Thumb Code     0  use_no_semi.o(.text)
    __use_no_semihosting_swi                 0x080014f1   Thumb Code     2  use_no_semi.o(.text)
    _printf_int_common                       0x080014f3   Thumb Code   176  _printf_intcommon.o(.text)
    _printf_char_common                      0x080015af   Thumb Code    32  _printf_char_common.o(.text)
    _sputc                                   0x080015d5   Thumb Code    10  _sputc.o(.text)
    _printf_cs_common                        0x080015df   Thumb Code    22  _printf_char.o(.text)
    _printf_char                             0x080015f5   Thumb Code    16  _printf_char.o(.text)
    _printf_string                           0x08001605   Thumb Code     8  _printf_char.o(.text)
    _printf_char_file                        0x0800160d   Thumb Code    34  _printf_char_file.o(.text)
    _chval                                   0x08001635   Thumb Code    30  _chval.o(.text)
    __vfscanf_char                           0x08001661   Thumb Code    28  scanf_char.o(.text)
    _sgetc                                   0x08001685   Thumb Code    32  _sgetc.o(.text)
    _sbackspace                              0x080016a5   Thumb Code    36  _sgetc.o(.text)
    __rt_udiv10                              0x080016c9   Thumb Code    40  rtudiv10.o(.text)
    __fpl_dcmp_InfNaN                        0x080016f1   Thumb Code   140  dcmpin.o(.text)
    isspace                                  0x08001781   Thumb Code    18  isspace.o(.text)
    __vfscanf                                0x08001795   Thumb Code   900  _scanf.o(.text)
    ferror                                   0x08001b29   Thumb Code     8  ferror.o(.text)
    __fpl_cmpreturn                          0x08001b31   Thumb Code    46  cmpret.o(.text)
    __fpl_dcheck_NaN2                        0x08001b61   Thumb Code    14  dnan2.o(.text)
    __user_setup_stackheap                   0x08001b75   Thumb Code    62  sys_stackheap_outer.o(.text)
    __rt_ctype_table                         0x08001bb5   Thumb Code    16  rt_ctype_table.o(.text)
    exit                                     0x08001bc5   Thumb Code    16  exit.o(.text)
    __fpl_return_NaN                         0x08001bd5   Thumb Code    94  retnan.o(.text)
    __user_libspace                          0x08001c35   Thumb Code     8  libspace.o(.text)
    __user_perproc_libspace                  0x08001c35   Thumb Code     0  libspace.o(.text)
    __user_perthread_libspace                0x08001c35   Thumb Code     0  libspace.o(.text)
    __rt_locale                              0x08001c3d   Thumb Code     8  rt_locale_intlibspace.o(.text)
    strcmp                                   0x08001c45   Thumb Code   132  strcmp.o(.text)
    __decompress                             0x08001ccd   Thumb Code     0  __dczerorl2.o(.text)
    __decompress1                            0x08001ccd   Thumb Code    86  __dczerorl2.o(.text)
    Check_cmd                                0x08001d25   Thumb Code   906  atcmd.o(i.Check_cmd)
    DMA1_Ch4_7_DMAMUX1_OVR_IRQHandler        0x08002189   Thumb Code    10  stm32g0xx_it.o(i.DMA1_Ch4_7_DMAMUX1_OVR_IRQHandler)
    DMA1_Channel2_3_IRQHandler               0x08002199   Thumb Code    10  stm32g0xx_it.o(i.DMA1_Channel2_3_IRQHandler)
    Display_ATCMDInfo                        0x08002249   Thumb Code    30  atcmd.o(i.Display_ATCMDInfo)
    EXTI4_15_IRQHandler                      0x08002299   Thumb Code    10  stm32g0xx_it.o(i.EXTI4_15_IRQHandler)
    EXTI_GetITEnStatus                       0x080022a5   Thumb Code    30  port.o(i.EXTI_GetITEnStatus)
    Error_Handler                            0x080022c9   Thumb Code     4  main.o(i.Error_Handler)
    FLASH_PageErase                          0x080022e1   Thumb Code    20  stm32g0xx_hal_flash_ex.o(i.FLASH_PageErase)
    FLASH_WaitForLastOperation               0x08002351   Thumb Code    82  stm32g0xx_hal_flash.o(i.FLASH_WaitForLastOperation)
    HAL_DMA_Abort                            0x080023b5   Thumb Code   112  stm32g0xx_hal_dma.o(i.HAL_DMA_Abort)
    HAL_DMA_Abort_IT                         0x08002429   Thumb Code   118  stm32g0xx_hal_dma.o(i.HAL_DMA_Abort_IT)
    HAL_DMA_IRQHandler                       0x080024a5   Thumb Code   180  stm32g0xx_hal_dma.o(i.HAL_DMA_IRQHandler)
    HAL_DMA_Init                             0x0800255d   Thumb Code   156  stm32g0xx_hal_dma.o(i.HAL_DMA_Init)
    HAL_DMA_Start_IT                         0x08002601   Thumb Code   136  stm32g0xx_hal_dma.o(i.HAL_DMA_Start_IT)
    HAL_Delay                                0x0800268d   Thumb Code    32  stm32g0xx_hal.o(i.HAL_Delay)
    HAL_FLASHEx_Erase                        0x080026b1   Thumb Code   126  stm32g0xx_hal_flash_ex.o(i.HAL_FLASHEx_Erase)
    HAL_FLASH_Lock                           0x08002739   Thumb Code    22  stm32g0xx_hal_flash.o(i.HAL_FLASH_Lock)
    HAL_FLASH_Program                        0x08002755   Thumb Code    88  stm32g0xx_hal_flash.o(i.HAL_FLASH_Program)
    HAL_FLASH_Unlock                         0x080027b5   Thumb Code    28  stm32g0xx_hal_flash.o(i.HAL_FLASH_Unlock)
    HAL_GPIO_EXTI_Falling_Callback           0x080027dd   Thumb Code     2  stm32g0xx_hal_gpio.o(i.HAL_GPIO_EXTI_Falling_Callback)
    HAL_GPIO_EXTI_IRQHandler                 0x080027e1   Thumb Code    36  stm32g0xx_hal_gpio.o(i.HAL_GPIO_EXTI_IRQHandler)
    HAL_GPIO_EXTI_Rising_Callback            0x08002809   Thumb Code    24  port.o(i.HAL_GPIO_EXTI_Rising_Callback)
    HAL_GPIO_Init                            0x08002825   Thumb Code   330  stm32g0xx_hal_gpio.o(i.HAL_GPIO_Init)
    HAL_GPIO_ReadPin                         0x08002981   Thumb Code    10  stm32g0xx_hal_gpio.o(i.HAL_GPIO_ReadPin)
    HAL_GPIO_WritePin                        0x0800298b   Thumb Code    12  stm32g0xx_hal_gpio.o(i.HAL_GPIO_WritePin)
    HAL_GetTick                              0x08002999   Thumb Code     6  stm32g0xx_hal.o(i.HAL_GetTick)
    HAL_IncTick                              0x080029a5   Thumb Code    12  stm32g0xx_hal.o(i.HAL_IncTick)
    HAL_Init                                 0x080029b5   Thumb Code    36  stm32g0xx_hal.o(i.HAL_Init)
    HAL_InitTick                             0x080029dd   Thumb Code    64  stm32g0xx_hal.o(i.HAL_InitTick)
    HAL_MspInit                              0x08002a25   Thumb Code    46  stm32g0xx_hal_msp.o(i.HAL_MspInit)
    HAL_NVIC_EnableIRQ                       0x08002a59   Thumb Code    18  stm32g0xx_hal_cortex.o(i.HAL_NVIC_EnableIRQ)
    HAL_NVIC_SetPriority                     0x08002a71   Thumb Code     8  stm32g0xx_hal_cortex.o(i.HAL_NVIC_SetPriority)
    HAL_PWREx_ControlVoltageScaling          0x08002a79   Thumb Code    62  stm32g0xx_hal_pwr_ex.o(i.HAL_PWREx_ControlVoltageScaling)
    HAL_RCCEx_PeriphCLKConfig                0x08002ac5   Thumb Code   338  stm32g0xx_hal_rcc_ex.o(i.HAL_RCCEx_PeriphCLKConfig)
    HAL_RCC_ClockConfig                      0x08002c25   Thumb Code   318  stm32g0xx_hal_rcc.o(i.HAL_RCC_ClockConfig)
    HAL_RCC_GetPCLK1Freq                     0x08002d7d   Thumb Code    26  stm32g0xx_hal_rcc.o(i.HAL_RCC_GetPCLK1Freq)
    HAL_RCC_GetSysClockFreq                  0x08002da5   Thumb Code   130  stm32g0xx_hal_rcc.o(i.HAL_RCC_GetSysClockFreq)
    HAL_RCC_OscConfig                        0x08002e31   Thumb Code   946  stm32g0xx_hal_rcc.o(i.HAL_RCC_OscConfig)
    HAL_SPI_GetState                         0x08003209   Thumb Code     6  stm32g0xx_hal_spi.o(i.HAL_SPI_GetState)
    HAL_SPI_Init                             0x0800320f   Thumb Code   238  stm32g0xx_hal_spi.o(i.HAL_SPI_Init)
    HAL_SPI_MspInit                          0x080032fd   Thumb Code    86  spi.o(i.HAL_SPI_MspInit)
    HAL_SPI_Transmit                         0x0800335d   Thumb Code   352  stm32g0xx_hal_spi.o(i.HAL_SPI_Transmit)
    HAL_SPI_TransmitReceive                  0x080034bd   Thumb Code   498  stm32g0xx_hal_spi.o(i.HAL_SPI_TransmitReceive)
    HAL_SYSCFG_StrobeDBattpinsConfig         0x080036b1   Thumb Code    16  stm32g0xx_hal.o(i.HAL_SYSCFG_StrobeDBattpinsConfig)
    HAL_SYSTICK_Config                       0x080036c5   Thumb Code    38  stm32g0xx_hal_cortex.o(i.HAL_SYSTICK_Config)
    HAL_TIMEx_Break2Callback                 0x080036f5   Thumb Code     2  stm32g0xx_hal_tim_ex.o(i.HAL_TIMEx_Break2Callback)
    HAL_TIMEx_BreakCallback                  0x080036f7   Thumb Code     2  stm32g0xx_hal_tim_ex.o(i.HAL_TIMEx_BreakCallback)
    HAL_TIMEx_CommutCallback                 0x080036f9   Thumb Code     2  stm32g0xx_hal_tim_ex.o(i.HAL_TIMEx_CommutCallback)
    HAL_TIMEx_MasterConfigSynchronization    0x080036fd   Thumb Code    96  stm32g0xx_hal_tim_ex.o(i.HAL_TIMEx_MasterConfigSynchronization)
    HAL_TIM_Base_Init                        0x08003769   Thumb Code    76  stm32g0xx_hal_tim.o(i.HAL_TIM_Base_Init)
    HAL_TIM_Base_MspInit                     0x080037b5   Thumb Code    60  tim.o(i.HAL_TIM_Base_MspInit)
    HAL_TIM_Base_Start_IT                    0x080037f9   Thumb Code    74  stm32g0xx_hal_tim.o(i.HAL_TIM_Base_Start_IT)
    HAL_TIM_ConfigClockSource                0x08003855   Thumb Code   220  stm32g0xx_hal_tim.o(i.HAL_TIM_ConfigClockSource)
    HAL_TIM_IC_CaptureCallback               0x08003935   Thumb Code     2  stm32g0xx_hal_tim.o(i.HAL_TIM_IC_CaptureCallback)
    HAL_TIM_IRQHandler                       0x08003939   Thumb Code   382  stm32g0xx_hal_tim.o(i.HAL_TIM_IRQHandler)
    HAL_TIM_OC_DelayElapsedCallback          0x08003abd   Thumb Code     2  stm32g0xx_hal_tim.o(i.HAL_TIM_OC_DelayElapsedCallback)
    HAL_TIM_PWM_PulseFinishedCallback        0x08003abf   Thumb Code     2  stm32g0xx_hal_tim.o(i.HAL_TIM_PWM_PulseFinishedCallback)
    HAL_TIM_PeriodElapsedCallback            0x08003ac1   Thumb Code   284  tim.o(i.HAL_TIM_PeriodElapsedCallback)
    HAL_TIM_TriggerCallback                  0x08003bfd   Thumb Code     2  stm32g0xx_hal_tim.o(i.HAL_TIM_TriggerCallback)
    HAL_UARTEx_DisableFifoMode               0x08003bff   Thumb Code    60  stm32g0xx_hal_uart_ex.o(i.HAL_UARTEx_DisableFifoMode)
    HAL_UARTEx_RxEventCallback               0x08003c3b   Thumb Code     2  stm32g0xx_hal_uart.o(i.HAL_UARTEx_RxEventCallback)
    HAL_UARTEx_RxFifoFullCallback            0x08003c3d   Thumb Code     2  stm32g0xx_hal_uart_ex.o(i.HAL_UARTEx_RxFifoFullCallback)
    HAL_UARTEx_SetRxFifoThreshold            0x08003c3f   Thumb Code    72  stm32g0xx_hal_uart_ex.o(i.HAL_UARTEx_SetRxFifoThreshold)
    HAL_UARTEx_SetTxFifoThreshold            0x08003c87   Thumb Code    70  stm32g0xx_hal_uart_ex.o(i.HAL_UARTEx_SetTxFifoThreshold)
    HAL_UARTEx_TxFifoEmptyCallback           0x08003ccd   Thumb Code     2  stm32g0xx_hal_uart_ex.o(i.HAL_UARTEx_TxFifoEmptyCallback)
    HAL_UARTEx_WakeupCallback                0x08003ccf   Thumb Code     2  stm32g0xx_hal_uart_ex.o(i.HAL_UARTEx_WakeupCallback)
    HAL_UART_ErrorCallback                   0x08003cd1   Thumb Code     2  stm32g0xx_hal_uart.o(i.HAL_UART_ErrorCallback)
    HAL_UART_IRQHandler                      0x08003cd5   Thumb Code   726  stm32g0xx_hal_uart.o(i.HAL_UART_IRQHandler)
    HAL_UART_Init                            0x08003fbd   Thumb Code   108  stm32g0xx_hal_uart.o(i.HAL_UART_Init)
    HAL_UART_MspInit                         0x08004029   Thumb Code   266  usart.o(i.HAL_UART_MspInit)
    HAL_UART_Receive_IT                      0x0800414d   Thumb Code   100  stm32g0xx_hal_uart.o(i.HAL_UART_Receive_IT)
    HAL_UART_RxCpltCallback                  0x080041b1   Thumb Code   154  usart.o(i.HAL_UART_RxCpltCallback)
    HAL_UART_Transmit_DMA                    0x08004265   Thumb Code   172  stm32g0xx_hal_uart.o(i.HAL_UART_Transmit_DMA)
    HAL_UART_TxCpltCallback                  0x0800431d   Thumb Code     2  stm32g0xx_hal_uart.o(i.HAL_UART_TxCpltCallback)
    HAL_UART_TxHalfCpltCallback              0x0800431f   Thumb Code     2  stm32g0xx_hal_uart.o(i.HAL_UART_TxHalfCpltCallback)
    HardFault_Handler                        0x08004321   Thumb Code     2  stm32g0xx_it.o(i.HardFault_Handler)
    Load_Set_from_P                          0x08004325   Thumb Code    86  atcmd.o(i.Load_Set_from_P)
    Load_Set_from_U                          0x0800438d   Thumb Code   110  atcmd.o(i.Load_Set_from_U)
    MX_DMA_Init                              0x08004411   Thumb Code    52  dma.o(i.MX_DMA_Init)
    MX_GPIO_Init                             0x08004449   Thumb Code   236  gpio.o(i.MX_GPIO_Init)
    MX_SPI1_Init                             0x08004541   Thumb Code    66  spi.o(i.MX_SPI1_Init)
    MX_TIM1_Init                             0x0800458d   Thumb Code   102  tim.o(i.MX_TIM1_Init)
    MX_USART1_UART_Init                      0x080045fd   Thumb Code   106  usart.o(i.MX_USART1_UART_Init)
    MX_USART3_UART_Init                      0x08004675   Thumb Code    60  usart.o(i.MX_USART3_UART_Init)
    NMI_Handler                              0x080046bd   Thumb Code     2  stm32g0xx_it.o(i.NMI_Handler)
    PendSV_Handler                           0x080046bf   Thumb Code     2  stm32g0xx_it.o(i.PendSV_Handler)
    Process_ATCMD                            0x080046c1   Thumb Code    20  atcmd.o(i.Process_ATCMD)
    Process_USART3_ATCMD                     0x080046e5   Thumb Code   172  atcmd.o(i.Process_USART3_ATCMD)
    Process_USART_ATCMD                      0x08004795   Thumb Code   180  atcmd.o(i.Process_USART_ATCMD)
    STMFLASH_Read                            0x08004a2d   Thumb Code    20  stmflash.o(i.STMFLASH_Read)
    STMFLASH_Write                           0x08004a41   Thumb Code   116  stmflash.o(i.STMFLASH_Write)
    SVC_Handler                              0x08004abd   Thumb Code     2  stm32g0xx_it.o(i.SVC_Handler)
    SysTick_Handler                          0x08004abf   Thumb Code     8  stm32g0xx_it.o(i.SysTick_Handler)
    SystemClock_Config                       0x08004ac7   Thumb Code   140  main.o(i.SystemClock_Config)
    SystemInit                               0x08004b53   Thumb Code     2  system_stm32g0xx.o(i.SystemInit)
    TIM1_BRK_UP_TRG_COM_IRQHandler           0x0800575d   Thumb Code    10  stm32g0xx_it.o(i.TIM1_BRK_UP_TRG_COM_IRQHandler)
    TIM1_CC_IRQHandler                       0x0800576d   Thumb Code    10  stm32g0xx_it.o(i.TIM1_CC_IRQHandler)
    TIM_Base_SetConfig                       0x0800577d   Thumb Code   112  stm32g0xx_hal_tim.o(i.TIM_Base_SetConfig)
    TIM_ETR_SetConfig                        0x08005805   Thumb Code    22  stm32g0xx_hal_tim.o(i.TIM_ETR_SetConfig)
    UART_AdvFeatureConfig                    0x080058bd   Thumb Code   202  stm32g0xx_hal_uart.o(i.UART_AdvFeatureConfig)
    UART_CheckIdleState                      0x08005989   Thumb Code    94  stm32g0xx_hal_uart.o(i.UART_CheckIdleState)
    UART_SetConfig                           0x08005fb5   Thumb Code   360  stm32g0xx_hal_uart.o(i.UART_SetConfig)
    UART_Start_Receive_IT                    0x08006145   Thumb Code   288  stm32g0xx_hal_uart.o(i.UART_Start_Receive_IT)
    UART_WaitOnFlagUntilTimeout              0x08006279   Thumb Code   210  stm32g0xx_hal_uart.o(i.UART_WaitOnFlagUntilTimeout)
    USART1_IRQHandler                        0x0800634d   Thumb Code    10  stm32g0xx_it.o(i.USART1_IRQHandler)
    USART3_4_IRQHandler                      0x0800635d   Thumb Code    10  stm32g0xx_it.o(i.USART3_4_IRQHandler)
    USART3_Send_Hex                          0x0800636d   Thumb Code    12  usart.o(i.USART3_Send_Hex)
    USART3_Send_PartialCommand               0x0800637d   Thumb Code    20  usart.o(i.USART3_Send_PartialCommand)
    Usart1_DmaTx                             0x08006391   Thumb Code    14  usart.o(i.Usart1_DmaTx)
    Usart3_DmaTx                             0x080063a5   Thumb Code    14  usart.o(i.Usart3_DmaTx)
    __ARM_common_switch8                     0x080063b9   Thumb Code    26  deca_instance.o(i.__ARM_common_switch8)
    _dwt_aonarrayupload                      0x08006435   Thumb Code    24  deca_device.o(i._dwt_aonarrayupload)
    _dwt_configlde                           0x0800644d   Thumb Code    34  deca_device.o(i._dwt_configlde)
    _dwt_disablesequencing                   0x08006481   Thumb Code    20  deca_device.o(i._dwt_disablesequencing)
    _dwt_enableclocks                        0x08006495   Thumb Code   194  deca_device.o(i._dwt_enableclocks)
    _dwt_loaducodefromrom                    0x08006557   Thumb Code    34  deca_device.o(i._dwt_loaducodefromrom)
    _dwt_otpread                             0x08006579   Thumb Code    42  deca_device.o(i._dwt_otpread)
    _is_digit                                0x080065a3   Thumb Code    14  __printf_wp.o(i._is_digit)
    _sys_exit                                0x080065b1   Thumb Code     2  usart.o(i._sys_exit)
    addressconfigure                         0x080065b5   Thumb Code    12  deca_table.o(i.addressconfigure)
    app_flash_write                          0x080065c5   Thumb Code    42  flash_info.o(i.app_flash_write)
    app_reply_atcmd_excute                   0x080065fd   Thumb Code    28  atcmd.o(i.app_reply_atcmd_excute)
    app_reply_atcmd_search                   0x0800662d   Thumb Code    60  atcmd.o(i.app_reply_atcmd_search)
    app_reply_atcmd_setting                  0x08006699   Thumb Code   174  atcmd.o(i.app_reply_atcmd_setting)
    deca_configure                           0x080067a5   Thumb Code   280  deca_table.o(i.deca_configure)
    decamutexoff                             0x080068e5   Thumb Code    12  deca_mutex.o(i.decamutexoff)
    decamutexon                              0x080068f1   Thumb Code    18  deca_mutex.o(i.decamutexon)
    decarangingmode                          0x08006905   Thumb Code    94  deca_table.o(i.decarangingmode)
    display_deviceinfo                       0x0800696d   Thumb Code   236  atcmd.o(i.display_deviceinfo)
    dwt_configure                            0x08006bfd   Thumb Code   478  deca_device.o(i.dwt_configure)
    dwt_configuresleep                       0x08006e15   Thumb Code    32  deca_device.o(i.dwt_configuresleep)
    dwt_configuretxrf                        0x08006e39   Thumb Code    26  deca_device.o(i.dwt_configuretxrf)
    dwt_forcetrxoff                          0x08006e55   Thumb Code    78  deca_device.o(i.dwt_forcetrxoff)
    dwt_initialise                           0x08006ead   Thumb Code   354  deca_device.o(i.dwt_initialise)
    dwt_isr                                  0x08007029   Thumb Code   296  deca_device.o(i.dwt_isr)
    dwt_read16bitoffsetreg                   0x08007159   Thumb Code    30  deca_device.o(i.dwt_read16bitoffsetreg)
    dwt_read32bitoffsetreg                   0x08007177   Thumb Code    34  deca_device.o(i.dwt_read32bitoffsetreg)
    dwt_read8bitoffsetreg                    0x08007199   Thumb Code    20  deca_device.o(i.dwt_read8bitoffsetreg)
    dwt_readdevid                            0x080071ad   Thumb Code    12  deca_device.o(i.dwt_readdevid)
    dwt_readfromdevice                       0x080071b9   Thumb Code    56  deca_device.o(i.dwt_readfromdevice)
    dwt_readrxdata                           0x080071f1   Thumb Code    18  deca_device.o(i.dwt_readrxdata)
    dwt_readrxtimestamp                      0x08007203   Thumb Code    16  deca_device.o(i.dwt_readrxtimestamp)
    dwt_readsystime                          0x08007213   Thumb Code    16  deca_device.o(i.dwt_readsystime)
    dwt_rxenable                             0x08007223   Thumb Code    78  deca_device.o(i.dwt_rxenable)
    dwt_rxreset                              0x08007271   Thumb Code    24  deca_device.o(i.dwt_rxreset)
    dwt_setcallbacks                         0x08007289   Thumb Code    12  deca_device.o(i.dwt_setcallbacks)
    dwt_setdelayedtrxtime                    0x08007299   Thumb Code    14  deca_device.o(i.dwt_setdelayedtrxtime)
    dwt_seteui                               0x080072a7   Thumb Code    16  deca_device.o(i.dwt_seteui)
    dwt_setfinegraintxseq                    0x080072b9   Thumb Code    22  deca_device.o(i.dwt_setfinegraintxseq)
    dwt_setinterrupt                         0x080072d5   Thumb Code    56  deca_device.o(i.dwt_setinterrupt)
    dwt_setleds                              0x0800730d   Thumb Code   118  deca_device.o(i.dwt_setleds)
    dwt_setlnapamode                         0x08007391   Thumb Code    50  deca_device.o(i.dwt_setlnapamode)
    dwt_setpanid                             0x080073c3   Thumb Code    14  deca_device.o(i.dwt_setpanid)
    dwt_setrxaftertxdelay                    0x080073d1   Thumb Code    32  deca_device.o(i.dwt_setrxaftertxdelay)
    dwt_setrxantennadelay                    0x080073f1   Thumb Code    14  deca_device.o(i.dwt_setrxantennadelay)
    dwt_setrxtimeout                         0x08007405   Thumb Code    72  deca_device.o(i.dwt_setrxtimeout)
    dwt_settxantennadelay                    0x08007451   Thumb Code    14  deca_device.o(i.dwt_settxantennadelay)
    dwt_setxtaltrim                          0x0800745f   Thumb Code    18  deca_device.o(i.dwt_setxtaltrim)
    dwt_softreset                            0x08007471   Thumb Code    66  deca_device.o(i.dwt_softreset)
    dwt_starttx                              0x080074b9   Thumb Code    84  deca_device.o(i.dwt_starttx)
    dwt_syncrxbufptrs                        0x08007511   Thumb Code    36  deca_device.o(i.dwt_syncrxbufptrs)
    dwt_write16bitoffsetreg                  0x08007535   Thumb Code    22  deca_device.o(i.dwt_write16bitoffsetreg)
    dwt_write32bitoffsetreg                  0x0800754b   Thumb Code    30  deca_device.o(i.dwt_write32bitoffsetreg)
    dwt_write8bitoffsetreg                   0x08007569   Thumb Code    16  deca_device.o(i.dwt_write8bitoffsetreg)
    dwt_writetodevice                        0x08007579   Thumb Code    56  deca_device.o(i.dwt_writetodevice)
    dwt_writetxdata                          0x080075b1   Thumb Code    36  deca_device.o(i.dwt_writetxdata)
    dwt_writetxfctrl                         0x080075d5   Thumb Code    28  deca_device.o(i.dwt_writetxfctrl)
    flash_config                             0x080075f5   Thumb Code   190  flash_info.o(i.flash_config)
    fputc                                    0x080076d1   Thumb Code    14  usart.o(i.fputc)
    insaddress                               0x08007731   Thumb Code    52  deca_instance.o(i.insaddress)
    instance_calc_distance                   0x0800777d   Thumb Code   134  deca_instance.o(i.instance_calc_distance)
    main                                     0x08007825   Thumb Code   300  main.o(i.main)
    port_DisableEXT_IRQ                      0x080079ad   Thumb Code    16  port.o(i.port_DisableEXT_IRQ)
    port_EnableEXT_IRQ                       0x080079c1   Thumb Code     8  port.o(i.port_EnableEXT_IRQ)
    port_GetEXT_IRQStatus                    0x080079cd   Thumb Code    10  port.o(i.port_GetEXT_IRQStatus)
    port_set_dw1000_fastrate                 0x080079d9   Thumb Code    16  port.o(i.port_set_dw1000_fastrate)
    port_set_dw1000_slowrate                 0x080079ed   Thumb Code    16  port.o(i.port_set_dw1000_slowrate)
    port_stop_all_UWB                        0x08007a01   Thumb Code    48  port.o(i.port_stop_all_UWB)
    process_deca_irq                         0x08007a35   Thumb Code    24  port.o(i.process_deca_irq)
    readfromspi                              0x08007a51   Thumb Code   100  deca_spi.o(i.readfromspi)
    reset_DW1000                             0x08007ab9   Thumb Code    60  port.o(i.reset_DW1000)
    setup_DW1000RSTnIRQ                      0x08007af5   Thumb Code    68  port.o(i.setup_DW1000RSTnIRQ)
    testappruns                              0x08007b39   Thumb Code   158  deca_instance.o(i.testappruns)
    twr_rx_cb                                0x08007bdd   Thumb Code   100  deca_instance.o(i.twr_rx_cb)
    twr_rx_error_cb                          0x08007c49   Thumb Code    18  deca_instance.o(i.twr_rx_error_cb)
    twr_rx_timeout_cb                        0x08007c61   Thumb Code    66  deca_instance.o(i.twr_rx_timeout_cb)
    twr_tx_tag_cb                            0x08007cb5   Thumb Code     2  deca_instance.o(i.twr_tx_tag_cb)
    usleep                                   0x08007cb7   Thumb Code    24  port.o(i.usleep)
    writetospi                               0x08007cd1   Thumb Code    86  deca_spi.o(i.writetospi)
    _get_lc_ctype                            0x08007d2d   Thumb Code    44  lc_ctype_c.o(locale$$code)
    __aeabi_cdcmple                          0x08007d59   Thumb Code     0  dlef.o(x$fpl$dleqf)
    _dcmple                                  0x08007d59   Thumb Code    94  dlef.o(x$fpl$dleqf)
    __aeabi_cdrcmple                         0x08007dbd   Thumb Code     0  drlef.o(x$fpl$drleqf)
    _drcmple                                 0x08007dbd   Thumb Code   100  drlef.o(x$fpl$drleqf)
    __I$use$fp                               0x08007e24   Number         0  usenofp.o(x$fpl$usenofp)
    txSpectrumConfigr                        0x08007e24   Data         160  deca_table.o(.constdata)
    UARTPrescTable                           0x08007ec4   Data          24  stm32g0xx_hal_uart.o(.constdata)
    AHBPrescTable                            0x08007eec   Data          64  system_stm32g0xx.o(.constdata)
    APBPrescTable                            0x08007f2c   Data          32  system_stm32g0xx.o(.constdata)
    chan_idx                                 0x08007f4c   Data           8  deca_params_init.o(.constdata)
    tx_config                                0x08007f54   Data          24  deca_params_init.o(.constdata)
    fs_pll_cfg                               0x08007f6c   Data          24  deca_params_init.o(.constdata)
    fs_pll_tune                              0x08007f84   Data           6  deca_params_init.o(.constdata)
    rx_config                                0x08007f8a   Data           2  deca_params_init.o(.constdata)
    agc_config                               0x08007f8c   Data           8  deca_params_init.o(.constdata)
    dwnsSFDlen                               0x08007f94   Data           3  deca_params_init.o(.constdata)
    sftsh                                    0x08007f98   Data          12  deca_params_init.o(.constdata)
    dtune1                                   0x08007fa4   Data           4  deca_params_init.o(.constdata)
    digital_bb_config                        0x08007fa8   Data          32  deca_params_init.o(.constdata)
    lde_replicaCoeff                         0x08007fc8   Data          50  deca_params_init.o(.constdata)
    Region$$Table$$Base                      0x080080b4   Number         0  anon$$obj.o(Region$$Table)
    Region$$Table$$Limit                     0x080080d4   Number         0  anon$$obj.o(Region$$Table)
    __ctype                                  0x080080e1   Data           0  lc_ctype_c.o(locale$$data)
    mode                                     0x20000000   Data           1  deca_instance.o(.data)
    Tarecrx                                  0x20000001   Data           1  deca_instance.o(.data)
    faild_rxtime                             0x20000002   Data           1  deca_instance.o(.data)
    anchor_group_id                          0x20000003   Data           1  deca_instance.o(.data)
    cand_valid_num                           0x20000004   Data           1  deca_instance.o(.data)
    RET_T                                    0x20000005   Data           1  deca_instance.o(.data)
    RET_A                                    0x20000006   Data           1  deca_instance.o(.data)
    miss_flag                                0x20000007   Data           1  deca_instance.o(.data)
    state_flag                               0x20000008   Data           1  deca_instance.o(.data)
    grant_addr_idx                           0x20000009   Data           1  deca_instance.o(.data)
    addr8_t                                  0x2000000a   Data           2  deca_instance.o(.data)
    addr16_t                                 0x2000000c   Data           2  deca_instance.o(.data)
    N_Slot                                   0x20000010   Data           4  deca_instance.o(.data)
    T_Slot                                   0x20000014   Data           4  deca_instance.o(.data)
    T_Round                                  0x20000018   Data           4  deca_instance.o(.data)
    GetT_ID                                  0x2000001c   Data           4  deca_instance.o(.data)
    rangnum                                  0x20000020   Data           4  deca_instance.o(.data)
    contrlbit                                0x20000024   Data           4  deca_instance.o(.data)
    POLL_count                               0x20000028   Data           4  deca_instance.o(.data)
    response_num                             0x2000002c   Data           4  deca_instance.o(.data)
    lastwaittime                             0x20000030   Data           4  deca_instance.o(.data)
    twl_address_index                        0x20000034   Data           4  deca_instance.o(.data)
    aaddr                                    0x20000038   Data           4  deca_instance.o(.data)
    taddr                                    0x2000003c   Data           4  deca_instance.o(.data)
    cand_anchor_addr                         0x20000060   Data           8  deca_instance.o(.data)
    dist_ss                                  0x20000068   Data           8  deca_instance.o(.data)
    MAX_TAG_SIZE                             0x200000b0   Data           4  deca_instance.o(.data)
    deID                                     0x200000b4   Data           4  deca_table.o(.data)
    power                                    0x200000b8   Data           4  deca_table.o(.data)
    MODES                                    0x200000bc   Data           4  deca_table.o(.data)
    T_ID                                     0x200000c0   Data           4  deca_table.o(.data)
    A_ID                                     0x200000c4   Data           4  deca_table.o(.data)
    MODULE_ROLE                              0x200000c8   Data           4  deca_table.o(.data)
    chConfig                                 0x200000cc   Data          60  deca_table.o(.data)
    baudrate                                 0x20000108   Data           4  flash_info.o(.data)
    endaddr                                  0x2000010c   Data           4  stmflash.o(.data)
    n                                        0x20000110   Data           1  atcmd.o(.data)
    Get_tag_inf                              0x20000114   Data           4  atcmd.o(.data)
    Tag_RecNt                                0x20000118   Data           1  tim.o(.data)
    Anch_RecNt                               0x20000119   Data           1  tim.o(.data)
    waittime                                 0x2000011a   Data           2  tim.o(.data)
    Anchpollingtime                          0x2000011c   Data           4  tim.o(.data)
    Anchrxtime                               0x20000120   Data           4  tim.o(.data)
    Tagrxtime                                0x20000124   Data           4  tim.o(.data)
    ledrunnum                                0x20000128   Data           4  tim.o(.data)
    aRxBuffer                                0x2000012c   Data           1  usart.o(.data)
    a3RxBuffer                               0x2000012d   Data           1  usart.o(.data)
    USART_RX_STA                             0x2000012e   Data           2  usart.o(.data)
    USART3_RX_STA                            0x20000130   Data           2  usart.o(.data)
    __stdout                                 0x20000134   Data           4  usart.o(.data)
    uwTickFreq                               0x20000138   Data           1  stm32g0xx_hal.o(.data)
    uwTickPrio                               0x2000013c   Data           4  stm32g0xx_hal.o(.data)
    uwTick                                   0x20000140   Data           4  stm32g0xx_hal.o(.data)
    SystemCoreClock                          0x20000144   Data           4  system_stm32g0xx.o(.data)
    port_deca_isr                            0x2000014c   Data           4  port.o(.data)
    cand_rx_ts_arr                           0x20000158   Data          32  deca_instance.o(.bss)
    ToF_ds1                                  0x20000178   Data          16  deca_instance.o(.bss)
    ToF_ds2                                  0x20000188   Data          32  deca_instance.o(.bss)
    sendbuff                                 0x200001a8   Data         300  deca_instance.o(.bss)
    dw_event                                 0x200002d8   Data         160  deca_instance.o(.bss)
    ins                                      0x20000378   Data         664  deca_instance.o(.bss)
    sys_para                                 0x20000610   Data          24  flash_info.o(.bss)
    FLAH_BUFF0                               0x20000628   Data         232  flash_info.o(.bss)
    FLAH_BUFF1                               0x20000710   Data          16  flash_info.o(.bss)
    Sendbuff                                 0x20000720   Data         400  atcmd.o(.bss)
    hspi1                                    0x200008b0   Data         100  spi.o(.bss)
    htim1                                    0x20000914   Data          76  tim.o(.bss)
    USART_RX_BUF                             0x20000960   Data         200  usart.o(.bss)
    USART3_RX_BUF                            0x20000a28   Data         200  usart.o(.bss)
    huart1                                   0x20000af0   Data         144  usart.o(.bss)
    huart3                                   0x20000b80   Data         144  usart.o(.bss)
    hdma_usart1_tx                           0x20000c10   Data          92  usart.o(.bss)
    hdma_usart3_tx                           0x20000c6c   Data          92  usart.o(.bss)
    USART_TX_BUF                             0x20000cc8   Data         200  usart.o(.bss)
    USART3_TX_BUF                            0x20000d90   Data         200  usart.o(.bss)
    pFlash                                   0x20000e58   Data          28  stm32g0xx_hal_flash.o(.bss)
    __libspace_start                         0x20000eac   Data          96  libspace.o(.bss)
    __temporary_stack_top$libspace           0x20000f0c   Data           0  libspace.o(.bss)



==============================================================================

Memory Map of the image

  Image Entry point : 0x080000b9

  Load Region LR_IROM1 (Base: 0x08000000, Size: 0x00008338, Max: 0x00020000, ABSOLUTE, COMPRESSED[0x00008230])

    Execution Region ER_IROM1 (Exec base: 0x08000000, Load base: 0x08000000, Size: 0x000081e4, Max: 0x00020000, ABSOLUTE)

    Exec Addr    Load Addr    Size         Type   Attr      Idx    E Section Name        Object

    0x08000000   0x08000000   0x000000b8   Data   RO            3    RESET               startup_stm32g070xx.o
    0x080000b8   0x080000b8   0x00000008   Code   RO         5082  * !!!main             c_p.l(__main.o)
    0x080000c0   0x080000c0   0x0000003c   Code   RO         5332    !!!scatter          c_p.l(__scatter.o)
    0x080000fc   0x080000fc   0x0000001c   Code   RO         5334    !!handler_zi        c_p.l(__scatter_zi.o)
    0x08000118   0x08000118   0x00000002   Code   RO         5063    .ARM.Collect$$_printf_percent$$00000000  c_p.l(_printf_percent.o)
    0x0800011a   0x0800011a   0x0000000a   Code   RO         5062    .ARM.Collect$$_printf_percent$$00000009  c_p.l(_printf_d.o)
    0x08000124   0x08000124   0x0000000a   Code   RO         5061    .ARM.Collect$$_printf_percent$$0000000C  c_p.l(_printf_x.o)
    0x0800012e   0x0800012e   0x0000000a   Code   RO         5059    .ARM.Collect$$_printf_percent$$00000013  c_p.l(_printf_c.o)
    0x08000138   0x08000138   0x0000000a   Code   RO         5060    .ARM.Collect$$_printf_percent$$00000014  c_p.l(_printf_s.o)
    0x08000142   0x08000142   0x00000004   Code   RO         5130    .ARM.Collect$$_printf_percent$$00000017  c_p.l(_printf_percent_end.o)
    0x08000146   0x08000146   0x00000002   Code   RO         5189    .ARM.Collect$$libinit$$00000000  c_p.l(libinit.o)
    0x08000148   0x08000148   0x00000000   Code   RO         5213    .ARM.Collect$$libinit$$00000002  c_p.l(libinit2.o)
    0x08000148   0x08000148   0x00000000   Code   RO         5215    .ARM.Collect$$libinit$$00000004  c_p.l(libinit2.o)
    0x08000148   0x08000148   0x00000000   Code   RO         5218    .ARM.Collect$$libinit$$0000000A  c_p.l(libinit2.o)
    0x08000148   0x08000148   0x00000000   Code   RO         5220    .ARM.Collect$$libinit$$0000000C  c_p.l(libinit2.o)
    0x08000148   0x08000148   0x00000000   Code   RO         5222    .ARM.Collect$$libinit$$0000000E  c_p.l(libinit2.o)
    0x08000148   0x08000148   0x00000006   Code   RO         5223    .ARM.Collect$$libinit$$0000000F  c_p.l(libinit2.o)
    0x0800014e   0x0800014e   0x00000000   Code   RO         5225    .ARM.Collect$$libinit$$00000011  c_p.l(libinit2.o)
    0x0800014e   0x0800014e   0x0000000c   Code   RO         5226    .ARM.Collect$$libinit$$00000012  c_p.l(libinit2.o)
    0x0800015a   0x0800015a   0x00000000   Code   RO         5227    .ARM.Collect$$libinit$$00000013  c_p.l(libinit2.o)
    0x0800015a   0x0800015a   0x00000000   Code   RO         5229    .ARM.Collect$$libinit$$00000015  c_p.l(libinit2.o)
    0x0800015a   0x0800015a   0x00000000   Code   RO         5231    .ARM.Collect$$libinit$$00000017  c_p.l(libinit2.o)
    0x0800015a   0x0800015a   0x00000000   Code   RO         5233    .ARM.Collect$$libinit$$00000019  c_p.l(libinit2.o)
    0x0800015a   0x0800015a   0x00000000   Code   RO         5235    .ARM.Collect$$libinit$$0000001B  c_p.l(libinit2.o)
    0x0800015a   0x0800015a   0x00000000   Code   RO         5237    .ARM.Collect$$libinit$$0000001D  c_p.l(libinit2.o)
    0x0800015a   0x0800015a   0x00000000   Code   RO         5239    .ARM.Collect$$libinit$$0000001F  c_p.l(libinit2.o)
    0x0800015a   0x0800015a   0x00000000   Code   RO         5241    .ARM.Collect$$libinit$$00000021  c_p.l(libinit2.o)
    0x0800015a   0x0800015a   0x00000000   Code   RO         5243    .ARM.Collect$$libinit$$00000023  c_p.l(libinit2.o)
    0x0800015a   0x0800015a   0x00000000   Code   RO         5245    .ARM.Collect$$libinit$$00000025  c_p.l(libinit2.o)
    0x0800015a   0x0800015a   0x00000000   Code   RO         5249    .ARM.Collect$$libinit$$0000002C  c_p.l(libinit2.o)
    0x0800015a   0x0800015a   0x00000000   Code   RO         5251    .ARM.Collect$$libinit$$0000002E  c_p.l(libinit2.o)
    0x0800015a   0x0800015a   0x00000000   Code   RO         5253    .ARM.Collect$$libinit$$00000030  c_p.l(libinit2.o)
    0x0800015a   0x0800015a   0x00000000   Code   RO         5255    .ARM.Collect$$libinit$$00000032  c_p.l(libinit2.o)
    0x0800015a   0x0800015a   0x00000002   Code   RO         5256    .ARM.Collect$$libinit$$00000033  c_p.l(libinit2.o)
    0x0800015c   0x0800015c   0x00000002   Code   RO         5284    .ARM.Collect$$libshutdown$$00000000  c_p.l(libshutdown.o)
    0x0800015e   0x0800015e   0x00000000   Code   RO         5311    .ARM.Collect$$libshutdown$$00000002  c_p.l(libshutdown2.o)
    0x0800015e   0x0800015e   0x00000000   Code   RO         5313    .ARM.Collect$$libshutdown$$00000004  c_p.l(libshutdown2.o)
    0x0800015e   0x0800015e   0x00000000   Code   RO         5315    .ARM.Collect$$libshutdown$$00000006  c_p.l(libshutdown2.o)
    0x0800015e   0x0800015e   0x00000000   Code   RO         5318    .ARM.Collect$$libshutdown$$00000009  c_p.l(libshutdown2.o)
    0x0800015e   0x0800015e   0x00000000   Code   RO         5321    .ARM.Collect$$libshutdown$$0000000C  c_p.l(libshutdown2.o)
    0x0800015e   0x0800015e   0x00000000   Code   RO         5323    .ARM.Collect$$libshutdown$$0000000E  c_p.l(libshutdown2.o)
    0x0800015e   0x0800015e   0x00000000   Code   RO         5326    .ARM.Collect$$libshutdown$$00000011  c_p.l(libshutdown2.o)
    0x0800015e   0x0800015e   0x00000002   Code   RO         5327    .ARM.Collect$$libshutdown$$00000012  c_p.l(libshutdown2.o)
    0x08000160   0x08000160   0x00000000   Code   RO         5115    .ARM.Collect$$rtentry$$00000000  c_p.l(__rtentry.o)
    0x08000160   0x08000160   0x00000000   Code   RO         5143    .ARM.Collect$$rtentry$$00000002  c_p.l(__rtentry2.o)
    0x08000160   0x08000160   0x00000006   Code   RO         5155    .ARM.Collect$$rtentry$$00000004  c_p.l(__rtentry4.o)
    0x08000166   0x08000166   0x00000000   Code   RO         5145    .ARM.Collect$$rtentry$$00000009  c_p.l(__rtentry2.o)
    0x08000166   0x08000166   0x00000004   Code   RO         5146    .ARM.Collect$$rtentry$$0000000A  c_p.l(__rtentry2.o)
    0x0800016a   0x0800016a   0x00000000   Code   RO         5148    .ARM.Collect$$rtentry$$0000000C  c_p.l(__rtentry2.o)
    0x0800016a   0x0800016a   0x00000008   Code   RO         5149    .ARM.Collect$$rtentry$$0000000D  c_p.l(__rtentry2.o)
    0x08000172   0x08000172   0x00000002   Code   RO         5196    .ARM.Collect$$rtexit$$00000000  c_p.l(rtexit.o)
    0x08000174   0x08000174   0x00000000   Code   RO         5258    .ARM.Collect$$rtexit$$00000002  c_p.l(rtexit2.o)
    0x08000174   0x08000174   0x00000004   Code   RO         5259    .ARM.Collect$$rtexit$$00000003  c_p.l(rtexit2.o)
    0x08000178   0x08000178   0x00000006   Code   RO         5260    .ARM.Collect$$rtexit$$00000004  c_p.l(rtexit2.o)
    0x0800017e   0x0800017e   0x00000002   PAD
    0x08000180   0x08000180   0x00000038   Code   RO         5070    .emb_text           c_p.l(rt_memcpy.o)
    0x080001b8   0x080001b8   0x00000038   Code   RO            4    .text               startup_stm32g070xx.o
    0x080001f0   0x080001f0   0x00000002   Code   RO         5000    .text               c_p.l(use_no_semi_2.o)
    0x080001f2   0x080001f2   0x00000002   PAD
    0x080001f4   0x080001f4   0x0000001c   Code   RO         5002    .text               c_p.l(__2printf.o)
    0x08000210   0x08000210   0x0000002c   Code   RO         5004    .text               c_p.l(__2sprintf.o)
    0x0800023c   0x0800023c   0x0000004e   Code   RO         5012    .text               c_p.l(_printf_pad.o)
    0x0800028a   0x0800028a   0x00000052   Code   RO         5014    .text               c_p.l(_printf_str.o)
    0x080002dc   0x080002dc   0x0000006c   Code   RO         5016    .text               c_p.l(_printf_dec.o)
    0x08000348   0x08000348   0x00000058   Code   RO         5021    .text               c_p.l(_printf_hex_int.o)
    0x080003a0   0x080003a0   0x00000138   Code   RO         5051    .text               c_p.l(__printf_flags_wp.o)
    0x080004d8   0x080004d8   0x00000040   Code   RO         5064    .text               c_p.l(__0sscanf.o)
    0x08000518   0x08000518   0x0000014a   Code   RO         5066    .text               c_p.l(_scanf_int.o)
    0x08000662   0x08000662   0x00000028   Code   RO         5068    .text               c_p.l(strstr.o)
    0x0800068a   0x0800068a   0x00000082   Code   RO         5071    .text               c_p.l(rt_memcpy.o)
    0x0800070c   0x0800070c   0x00000040   Code   RO         5074    .text               c_p.l(rt_memclr.o)
    0x0800074c   0x0800074c   0x0000015a   Code   RO         5076    .text               c_p.l(aeabi_sdiv.o)
    0x080008a6   0x080008a6   0x00000006   Code   RO         5080    .text               c_p.l(heapauxi.o)
    0x080008ac   0x080008ac   0x00000358   Code   RO         5086    .text               fz_ps.l(daddsub.o)
    0x08000c04   0x08000c04   0x00000448   Code   RO         5088    .text               fz_ps.l(ddiv.o)
    0x0800104c   0x0800104c   0x0000006c   Code   RO         5091    .text               fz_ps.l(dfixi.o)
    0x080010b8   0x080010b8   0x000000b4   Code   RO         5093    .text               fz_ps.l(dfixl.o)
    0x0800116c   0x0800116c   0x00000058   Code   RO         5097    .text               fz_ps.l(dflti.o)
    0x080011c4   0x080011c4   0x00000084   Code   RO         5099    .text               fz_ps.l(dfltl.o)
    0x08001248   0x08001248   0x00000248   Code   RO         5103    .text               fz_ps.l(dmul.o)
    0x08001490   0x08001490   0x00000060   Code   RO         5107    .text               fz_ps.l(dscalbn.o)
    0x080014f0   0x080014f0   0x00000002   Code   RO         5113    .text               c_p.l(use_no_semi.o)
    0x080014f2   0x080014f2   0x000000b0   Code   RO         5120    .text               c_p.l(_printf_intcommon.o)
    0x080015a2   0x080015a2   0x00000002   PAD
    0x080015a4   0x080015a4   0x00000030   Code   RO         5122    .text               c_p.l(_printf_char_common.o)
    0x080015d4   0x080015d4   0x0000000a   Code   RO         5124    .text               c_p.l(_sputc.o)
    0x080015de   0x080015de   0x0000002e   Code   RO         5126    .text               c_p.l(_printf_char.o)
    0x0800160c   0x0800160c   0x00000028   Code   RO         5128    .text               c_p.l(_printf_char_file.o)
    0x08001634   0x08001634   0x0000001e   Code   RO         5131    .text               c_p.l(_chval.o)
    0x08001652   0x08001652   0x00000002   PAD
    0x08001654   0x08001654   0x00000030   Code   RO         5133    .text               c_p.l(scanf_char.o)
    0x08001684   0x08001684   0x00000044   Code   RO         5135    .text               c_p.l(_sgetc.o)
    0x080016c8   0x080016c8   0x00000028   Code   RO         5137    .text               c_p.l(rtudiv10.o)
    0x080016f0   0x080016f0   0x00000090   Code   RO         5139    .text               fz_ps.l(dcmpin.o)
    0x08001780   0x08001780   0x00000012   Code   RO         5159    .text               c_p.l(isspace.o)
    0x08001792   0x08001792   0x00000002   PAD
    0x08001794   0x08001794   0x00000394   Code   RO         5163    .text               c_p.l(_scanf.o)
    0x08001b28   0x08001b28   0x00000008   Code   RO         5165    .text               c_p.l(ferror.o)
    0x08001b30   0x08001b30   0x0000002e   Code   RO         5169    .text               fz_ps.l(cmpret.o)
    0x08001b5e   0x08001b5e   0x00000002   PAD
    0x08001b60   0x08001b60   0x00000014   Code   RO         5171    .text               fz_ps.l(dnan2.o)
    0x08001b74   0x08001b74   0x0000003e   Code   RO         5173    .text               c_p.l(sys_stackheap_outer.o)
    0x08001bb2   0x08001bb2   0x00000002   PAD
    0x08001bb4   0x08001bb4   0x00000010   Code   RO         5176    .text               c_p.l(rt_ctype_table.o)
    0x08001bc4   0x08001bc4   0x00000010   Code   RO         5178    .text               c_p.l(exit.o)
    0x08001bd4   0x08001bd4   0x0000005e   Code   RO         5190    .text               fz_ps.l(retnan.o)
    0x08001c32   0x08001c32   0x00000002   PAD
    0x08001c34   0x08001c34   0x00000008   Code   RO         5192    .text               c_p.l(libspace.o)
    0x08001c3c   0x08001c3c   0x00000008   Code   RO         5203    .text               c_p.l(rt_locale_intlibspace.o)
    0x08001c44   0x08001c44   0x00000088   Code   RO         5268    .text               c_p.l(strcmp.o)
    0x08001ccc   0x08001ccc   0x00000056   Code   RO         5330    .text               c_p.l(__dczerorl2.o)
    0x08001d22   0x08001d22   0x00000002   PAD
    0x08001d24   0x08001d24   0x00000464   Code   RO          459    i.Check_cmd         atcmd.o
    0x08002188   0x08002188   0x00000010   Code   RO          888    i.DMA1_Ch4_7_DMAMUX1_OVR_IRQHandler  stm32g0xx_it.o
    0x08002198   0x08002198   0x00000010   Code   RO          889    i.DMA1_Channel2_3_IRQHandler  stm32g0xx_it.o
    0x080021a8   0x080021a8   0x00000030   Code   RO         1439    i.DMA_CalcDMAMUXChannelBaseAndMask  stm32g0xx_hal_dma.o
    0x080021d8   0x080021d8   0x00000028   Code   RO         1440    i.DMA_CalcDMAMUXRequestGenBaseAndMask  stm32g0xx_hal_dma.o
    0x08002200   0x08002200   0x00000048   Code   RO         1441    i.DMA_SetConfig     stm32g0xx_hal_dma.o
    0x08002248   0x08002248   0x00000050   Code   RO          460    i.Display_ATCMDInfo  atcmd.o
    0x08002298   0x08002298   0x0000000a   Code   RO          890    i.EXTI4_15_IRQHandler  stm32g0xx_it.o
    0x080022a2   0x080022a2   0x00000002   PAD
    0x080022a4   0x080022a4   0x00000024   Code   RO         4828    i.EXTI_GetITEnStatus  port.o
    0x080022c8   0x080022c8   0x00000004   Code   RO          577    i.Error_Handler     main.o
    0x080022cc   0x080022cc   0x00000014   Code   RO         1290    i.FLASH_MassErase   stm32g0xx_hal_flash_ex.o
    0x080022e0   0x080022e0   0x00000020   Code   RO         1294    i.FLASH_PageErase   stm32g0xx_hal_flash_ex.o
    0x08002300   0x08002300   0x0000001c   Code   RO         1184    i.FLASH_Program_DoubleWord  stm32g0xx_hal_flash.o
    0x0800231c   0x0800231c   0x00000034   Code   RO         1185    i.FLASH_Program_Fast  stm32g0xx_hal_flash.o
    0x08002350   0x08002350   0x00000064   Code   RO         1186    i.FLASH_WaitForLastOperation  stm32g0xx_hal_flash.o
    0x080023b4   0x080023b4   0x00000074   Code   RO         1442    i.HAL_DMA_Abort     stm32g0xx_hal_dma.o
    0x08002428   0x08002428   0x0000007c   Code   RO         1443    i.HAL_DMA_Abort_IT  stm32g0xx_hal_dma.o
    0x080024a4   0x080024a4   0x000000b8   Code   RO         1447    i.HAL_DMA_IRQHandler  stm32g0xx_hal_dma.o
    0x0800255c   0x0800255c   0x000000a4   Code   RO         1448    i.HAL_DMA_Init      stm32g0xx_hal_dma.o
    0x08002600   0x08002600   0x0000008c   Code   RO         1452    i.HAL_DMA_Start_IT  stm32g0xx_hal_dma.o
    0x0800268c   0x0800268c   0x00000024   Code   RO         1900    i.HAL_Delay         stm32g0xx_hal.o
    0x080026b0   0x080026b0   0x00000088   Code   RO         1295    i.HAL_FLASHEx_Erase  stm32g0xx_hal_flash_ex.o
    0x08002738   0x08002738   0x0000001c   Code   RO         1190    i.HAL_FLASH_Lock    stm32g0xx_hal_flash.o
    0x08002754   0x08002754   0x00000060   Code   RO         1195    i.HAL_FLASH_Program  stm32g0xx_hal_flash.o
    0x080027b4   0x080027b4   0x00000028   Code   RO         1197    i.HAL_FLASH_Unlock  stm32g0xx_hal_flash.o
    0x080027dc   0x080027dc   0x00000002   Code   RO         1372    i.HAL_GPIO_EXTI_Falling_Callback  stm32g0xx_hal_gpio.o
    0x080027de   0x080027de   0x00000002   PAD
    0x080027e0   0x080027e0   0x00000028   Code   RO         1373    i.HAL_GPIO_EXTI_IRQHandler  stm32g0xx_hal_gpio.o
    0x08002808   0x08002808   0x0000001c   Code   RO         4829    i.HAL_GPIO_EXTI_Rising_Callback  port.o
    0x08002824   0x08002824   0x0000015c   Code   RO         1375    i.HAL_GPIO_Init     stm32g0xx_hal_gpio.o
    0x08002980   0x08002980   0x0000000a   Code   RO         1377    i.HAL_GPIO_ReadPin  stm32g0xx_hal_gpio.o
    0x0800298a   0x0800298a   0x0000000c   Code   RO         1379    i.HAL_GPIO_WritePin  stm32g0xx_hal_gpio.o
    0x08002996   0x08002996   0x00000002   PAD
    0x08002998   0x08002998   0x0000000c   Code   RO         1904    i.HAL_GetTick       stm32g0xx_hal.o
    0x080029a4   0x080029a4   0x00000010   Code   RO         1910    i.HAL_IncTick       stm32g0xx_hal.o
    0x080029b4   0x080029b4   0x00000028   Code   RO         1911    i.HAL_Init          stm32g0xx_hal.o
    0x080029dc   0x080029dc   0x00000048   Code   RO         1912    i.HAL_InitTick      stm32g0xx_hal.o
    0x08002a24   0x08002a24   0x00000034   Code   RO          978    i.HAL_MspInit       stm32g0xx_hal_msp.o
    0x08002a58   0x08002a58   0x00000018   Code   RO         1788    i.HAL_NVIC_EnableIRQ  stm32g0xx_hal_cortex.o
    0x08002a70   0x08002a70   0x00000008   Code   RO         1792    i.HAL_NVIC_SetPriority  stm32g0xx_hal_cortex.o
    0x08002a78   0x08002a78   0x0000004c   Code   RO         1673    i.HAL_PWREx_ControlVoltageScaling  stm32g0xx_hal_pwr_ex.o
    0x08002ac4   0x08002ac4   0x00000160   Code   RO         1141    i.HAL_RCCEx_PeriphCLKConfig  stm32g0xx_hal_rcc_ex.o
    0x08002c24   0x08002c24   0x00000158   Code   RO         1025    i.HAL_RCC_ClockConfig  stm32g0xx_hal_rcc.o
    0x08002d7c   0x08002d7c   0x00000028   Code   RO         1033    i.HAL_RCC_GetPCLK1Freq  stm32g0xx_hal_rcc.o
    0x08002da4   0x08002da4   0x0000008c   Code   RO         1035    i.HAL_RCC_GetSysClockFreq  stm32g0xx_hal_rcc.o
    0x08002e30   0x08002e30   0x000003d8   Code   RO         1039    i.HAL_RCC_OscConfig  stm32g0xx_hal_rcc.o
    0x08003208   0x08003208   0x00000006   Code   RO         2160    i.HAL_SPI_GetState  stm32g0xx_hal_spi.o
    0x0800320e   0x0800320e   0x000000ee   Code   RO         2162    i.HAL_SPI_Init      stm32g0xx_hal_spi.o
    0x080032fc   0x080032fc   0x00000060   Code   RO          711    i.HAL_SPI_MspInit   spi.o
    0x0800335c   0x0800335c   0x00000160   Code   RO         2170    i.HAL_SPI_Transmit  stm32g0xx_hal_spi.o
    0x080034bc   0x080034bc   0x000001f2   Code   RO         2171    i.HAL_SPI_TransmitReceive  stm32g0xx_hal_spi.o
    0x080036ae   0x080036ae   0x00000002   PAD
    0x080036b0   0x080036b0   0x00000014   Code   RO         1920    i.HAL_SYSCFG_StrobeDBattpinsConfig  stm32g0xx_hal.o
    0x080036c4   0x080036c4   0x00000030   Code   RO         1796    i.HAL_SYSTICK_Config  stm32g0xx_hal_cortex.o
    0x080036f4   0x080036f4   0x00000002   Code   RO         3206    i.HAL_TIMEx_Break2Callback  stm32g0xx_hal_tim_ex.o
    0x080036f6   0x080036f6   0x00000002   Code   RO         3207    i.HAL_TIMEx_BreakCallback  stm32g0xx_hal_tim_ex.o
    0x080036f8   0x080036f8   0x00000002   Code   RO         3208    i.HAL_TIMEx_CommutCallback  stm32g0xx_hal_tim_ex.o
    0x080036fa   0x080036fa   0x00000002   PAD
    0x080036fc   0x080036fc   0x0000006c   Code   RO         3229    i.HAL_TIMEx_MasterConfigSynchronization  stm32g0xx_hal_tim_ex.o
    0x08003768   0x08003768   0x0000004c   Code   RO         2496    i.HAL_TIM_Base_Init  stm32g0xx_hal_tim.o
    0x080037b4   0x080037b4   0x00000044   Code   RO          749    i.HAL_TIM_Base_MspInit  tim.o
    0x080037f8   0x080037f8   0x0000005c   Code   RO         2501    i.HAL_TIM_Base_Start_IT  stm32g0xx_hal_tim.o
    0x08003854   0x08003854   0x000000e0   Code   RO         2505    i.HAL_TIM_ConfigClockSource  stm32g0xx_hal_tim.o
    0x08003934   0x08003934   0x00000002   Code   RO         2530    i.HAL_TIM_IC_CaptureCallback  stm32g0xx_hal_tim.o
    0x08003936   0x08003936   0x00000002   PAD
    0x08003938   0x08003938   0x00000184   Code   RO         2544    i.HAL_TIM_IRQHandler  stm32g0xx_hal_tim.o
    0x08003abc   0x08003abc   0x00000002   Code   RO         2547    i.HAL_TIM_OC_DelayElapsedCallback  stm32g0xx_hal_tim.o
    0x08003abe   0x08003abe   0x00000002   Code   RO         2574    i.HAL_TIM_PWM_PulseFinishedCallback  stm32g0xx_hal_tim.o
    0x08003ac0   0x08003ac0   0x0000013c   Code   RO          750    i.HAL_TIM_PeriodElapsedCallback  tim.o
    0x08003bfc   0x08003bfc   0x00000002   Code   RO         2587    i.HAL_TIM_TriggerCallback  stm32g0xx_hal_tim.o
    0x08003bfe   0x08003bfe   0x0000003c   Code   RO         3921    i.HAL_UARTEx_DisableFifoMode  stm32g0xx_hal_uart_ex.o
    0x08003c3a   0x08003c3a   0x00000002   Code   RO         3514    i.HAL_UARTEx_RxEventCallback  stm32g0xx_hal_uart.o
    0x08003c3c   0x08003c3c   0x00000002   Code   RO         3928    i.HAL_UARTEx_RxFifoFullCallback  stm32g0xx_hal_uart_ex.o
    0x08003c3e   0x08003c3e   0x00000048   Code   RO         3929    i.HAL_UARTEx_SetRxFifoThreshold  stm32g0xx_hal_uart_ex.o
    0x08003c86   0x08003c86   0x00000046   Code   RO         3930    i.HAL_UARTEx_SetTxFifoThreshold  stm32g0xx_hal_uart_ex.o
    0x08003ccc   0x08003ccc   0x00000002   Code   RO         3932    i.HAL_UARTEx_TxFifoEmptyCallback  stm32g0xx_hal_uart_ex.o
    0x08003cce   0x08003cce   0x00000002   Code   RO         3933    i.HAL_UARTEx_WakeupCallback  stm32g0xx_hal_uart_ex.o
    0x08003cd0   0x08003cd0   0x00000002   Code   RO         3530    i.HAL_UART_ErrorCallback  stm32g0xx_hal_uart.o
    0x08003cd2   0x08003cd2   0x00000002   PAD
    0x08003cd4   0x08003cd4   0x000002e8   Code   RO         3533    i.HAL_UART_IRQHandler  stm32g0xx_hal_uart.o
    0x08003fbc   0x08003fbc   0x0000006c   Code   RO         3534    i.HAL_UART_Init     stm32g0xx_hal_uart.o
    0x08004028   0x08004028   0x00000124   Code   RO          795    i.HAL_UART_MspInit  usart.o
    0x0800414c   0x0800414c   0x00000064   Code   RO         3539    i.HAL_UART_Receive_IT  stm32g0xx_hal_uart.o
    0x080041b0   0x080041b0   0x000000b4   Code   RO          796    i.HAL_UART_RxCpltCallback  usart.o
    0x08004264   0x08004264   0x000000b8   Code   RO         3544    i.HAL_UART_Transmit_DMA  stm32g0xx_hal_uart.o
    0x0800431c   0x0800431c   0x00000002   Code   RO         3546    i.HAL_UART_TxCpltCallback  stm32g0xx_hal_uart.o
    0x0800431e   0x0800431e   0x00000002   Code   RO         3547    i.HAL_UART_TxHalfCpltCallback  stm32g0xx_hal_uart.o
    0x08004320   0x08004320   0x00000002   Code   RO          891    i.HardFault_Handler  stm32g0xx_it.o
    0x08004322   0x08004322   0x00000002   PAD
    0x08004324   0x08004324   0x00000068   Code   RO          463    i.Load_Set_from_P   atcmd.o
    0x0800438c   0x0800438c   0x00000084   Code   RO          464    i.Load_Set_from_U   atcmd.o
    0x08004410   0x08004410   0x00000038   Code   RO          658    i.MX_DMA_Init       dma.o
    0x08004448   0x08004448   0x000000f8   Code   RO          638    i.MX_GPIO_Init      gpio.o
    0x08004540   0x08004540   0x0000004c   Code   RO          712    i.MX_SPI1_Init      spi.o
    0x0800458c   0x0800458c   0x00000070   Code   RO          751    i.MX_TIM1_Init      tim.o
    0x080045fc   0x080045fc   0x00000078   Code   RO          797    i.MX_USART1_UART_Init  usart.o
    0x08004674   0x08004674   0x00000048   Code   RO          798    i.MX_USART3_UART_Init  usart.o
    0x080046bc   0x080046bc   0x00000002   Code   RO          892    i.NMI_Handler       stm32g0xx_it.o
    0x080046be   0x080046be   0x00000002   Code   RO          893    i.PendSV_Handler    stm32g0xx_it.o
    0x080046c0   0x080046c0   0x00000024   Code   RO          466    i.Process_ATCMD     atcmd.o
    0x080046e4   0x080046e4   0x000000b0   Code   RO          467    i.Process_USART3_ATCMD  atcmd.o
    0x08004794   0x08004794   0x000000bc   Code   RO          468    i.Process_USART_ATCMD  atcmd.o
    0x08004850   0x08004850   0x0000004c   Code   RO         2200    i.SPI_EndRxTxTransaction  stm32g0xx_hal_spi.o
    0x0800489c   0x0800489c   0x000000d8   Code   RO         2205    i.SPI_WaitFifoStateUntilTimeout  stm32g0xx_hal_spi.o
    0x08004974   0x08004974   0x000000b8   Code   RO         2206    i.SPI_WaitFlagStateUntilTimeout  stm32g0xx_hal_spi.o
    0x08004a2c   0x08004a2c   0x00000014   Code   RO          424    i.STMFLASH_Read     stmflash.o
    0x08004a40   0x08004a40   0x0000007c   Code   RO          426    i.STMFLASH_Write    stmflash.o
    0x08004abc   0x08004abc   0x00000002   Code   RO          894    i.SVC_Handler       stm32g0xx_it.o
    0x08004abe   0x08004abe   0x00000008   Code   RO          895    i.SysTick_Handler   stm32g0xx_it.o
    0x08004ac6   0x08004ac6   0x0000008c   Code   RO          578    i.SystemClock_Config  main.o
    0x08004b52   0x08004b52   0x00000002   Code   RO         4030    i.SystemInit        system_stm32g0xx.o
    0x08004b54   0x08004b54   0x00000108   Code   RO           12    i.TA_Feedback_Handler  deca_instance.o
    0x08004c5c   0x08004c5c   0x000000f0   Code   RO           13    i.TA_Init_Handler   deca_instance.o
    0x08004d4c   0x08004d4c   0x00000110   Code   RO           14    i.TA_Rx_Cand_Handler  deca_instance.o
    0x08004e5c   0x08004e5c   0x000001a4   Code   RO           15    i.TA_Rx_Grant_Handler  deca_instance.o
    0x08005000   0x08005000   0x00000110   Code   RO           16    i.TA_Rx_Poll_Handler  deca_instance.o
    0x08005110   0x08005110   0x000001fc   Code   RO           17    i.TA_Rx_Response_Handler  deca_instance.o
    0x0800530c   0x0800530c   0x00000060   Code   RO           18    i.TA_Rxe_Handler    deca_instance.o
    0x0800536c   0x0800536c   0x000000b8   Code   RO           19    i.TA_Tx_Cand_Handler  deca_instance.o
    0x08005424   0x08005424   0x00000100   Code   RO           20    i.TA_Tx_Grant_Handler  deca_instance.o
    0x08005524   0x08005524   0x00000118   Code   RO           21    i.TA_Tx_Poll_Handler  deca_instance.o
    0x0800563c   0x0800563c   0x000000e0   Code   RO           22    i.TA_Tx_Response_Handler  deca_instance.o
    0x0800571c   0x0800571c   0x00000040   Code   RO           23    i.TA_Txe_Handler    deca_instance.o
    0x0800575c   0x0800575c   0x00000010   Code   RO          896    i.TIM1_BRK_UP_TRG_COM_IRQHandler  stm32g0xx_it.o
    0x0800576c   0x0800576c   0x00000010   Code   RO          897    i.TIM1_CC_IRQHandler  stm32g0xx_it.o
    0x0800577c   0x0800577c   0x00000088   Code   RO         2589    i.TIM_Base_SetConfig  stm32g0xx_hal_tim.o
    0x08005804   0x08005804   0x00000016   Code   RO         2600    i.TIM_ETR_SetConfig  stm32g0xx_hal_tim.o
    0x0800581a   0x0800581a   0x00000002   PAD
    0x0800581c   0x0800581c   0x00000014   Code   RO         2601    i.TIM_ITRx_SetConfig  stm32g0xx_hal_tim.o
    0x08005830   0x08005830   0x00000022   Code   RO         2609    i.TIM_TI1_ConfigInputStage  stm32g0xx_hal_tim.o
    0x08005852   0x08005852   0x00000026   Code   RO         2611    i.TIM_TI2_ConfigInputStage  stm32g0xx_hal_tim.o
    0x08005878   0x08005878   0x00000044   Code   RO         3934    i.UARTEx_SetNbDataToProcess  stm32g0xx_hal_uart_ex.o
    0x080058bc   0x080058bc   0x000000ca   Code   RO         3548    i.UART_AdvFeatureConfig  stm32g0xx_hal_uart.o
    0x08005986   0x08005986   0x00000002   PAD
    0x08005988   0x08005988   0x00000064   Code   RO         3549    i.UART_CheckIdleState  stm32g0xx_hal_uart.o
    0x080059ec   0x080059ec   0x00000014   Code   RO         3550    i.UART_DMAAbortOnError  stm32g0xx_hal_uart.o
    0x08005a00   0x08005a00   0x0000004e   Code   RO         3551    i.UART_DMAError     stm32g0xx_hal_uart.o
    0x08005a4e   0x08005a4e   0x0000004c   Code   RO         3556    i.UART_DMATransmitCplt  stm32g0xx_hal_uart.o
    0x08005a9a   0x08005a9a   0x0000000a   Code   RO         3558    i.UART_DMATxHalfCplt  stm32g0xx_hal_uart.o
    0x08005aa4   0x08005aa4   0x00000064   Code   RO         3560    i.UART_EndRxTransfer  stm32g0xx_hal_uart.o
    0x08005b08   0x08005b08   0x0000003c   Code   RO         3561    i.UART_EndTxTransfer  stm32g0xx_hal_uart.o
    0x08005b44   0x08005b44   0x000000ac   Code   RO         3562    i.UART_RxISR_16BIT  stm32g0xx_hal_uart.o
    0x08005bf0   0x08005bf0   0x0000018c   Code   RO         3563    i.UART_RxISR_16BIT_FIFOEN  stm32g0xx_hal_uart.o
    0x08005d7c   0x08005d7c   0x000000ac   Code   RO         3564    i.UART_RxISR_8BIT   stm32g0xx_hal_uart.o
    0x08005e28   0x08005e28   0x0000018c   Code   RO         3565    i.UART_RxISR_8BIT_FIFOEN  stm32g0xx_hal_uart.o
    0x08005fb4   0x08005fb4   0x00000190   Code   RO         3566    i.UART_SetConfig    stm32g0xx_hal_uart.o
    0x08006144   0x08006144   0x00000134   Code   RO         3568    i.UART_Start_Receive_IT  stm32g0xx_hal_uart.o
    0x08006278   0x08006278   0x000000d2   Code   RO         3573    i.UART_WaitOnFlagUntilTimeout  stm32g0xx_hal_uart.o
    0x0800634a   0x0800634a   0x00000002   PAD
    0x0800634c   0x0800634c   0x00000010   Code   RO          898    i.USART1_IRQHandler  stm32g0xx_it.o
    0x0800635c   0x0800635c   0x00000010   Code   RO          899    i.USART3_4_IRQHandler  stm32g0xx_it.o
    0x0800636c   0x0800636c   0x00000010   Code   RO          799    i.USART3_Send_Hex   usart.o
    0x0800637c   0x0800637c   0x00000014   Code   RO          800    i.USART3_Send_PartialCommand  usart.o
    0x08006390   0x08006390   0x00000014   Code   RO          801    i.Usart1_DmaTx      usart.o
    0x080063a4   0x080063a4   0x00000014   Code   RO          802    i.Usart3_DmaTx      usart.o
    0x080063b8   0x080063b8   0x0000001a   Code   RO          165    i.__ARM_common_switch8  deca_instance.o
    0x080063d2   0x080063d2   0x00000002   PAD
    0x080063d4   0x080063d4   0x00000044   Code   RO         1798    i.__NVIC_SetPriority  stm32g0xx_hal_cortex.o
    0x08006418   0x08006418   0x0000001c   Code   RO          469    i.__NVIC_SystemReset  atcmd.o
    0x08006434   0x08006434   0x00000018   Code   RO         4063    i._dwt_aonarrayupload  deca_device.o
    0x0800644c   0x0800644c   0x00000034   Code   RO         4066    i._dwt_configlde    deca_device.o
    0x08006480   0x08006480   0x00000014   Code   RO         4067    i._dwt_disablesequencing  deca_device.o
    0x08006494   0x08006494   0x000000c2   Code   RO         4068    i._dwt_enableclocks  deca_device.o
    0x08006556   0x08006556   0x00000022   Code   RO         4069    i._dwt_loaducodefromrom  deca_device.o
    0x08006578   0x08006578   0x0000002a   Code   RO         4071    i._dwt_otpread      deca_device.o
    0x080065a2   0x080065a2   0x0000000e   Code   RO         5049    i._is_digit         c_p.l(__printf_wp.o)
    0x080065b0   0x080065b0   0x00000002   Code   RO          803    i._sys_exit         usart.o
    0x080065b2   0x080065b2   0x00000002   PAD
    0x080065b4   0x080065b4   0x00000010   Code   RO          337    i.addressconfigure  deca_table.o
    0x080065c4   0x080065c4   0x00000038   Code   RO          387    i.app_flash_write   flash_info.o
    0x080065fc   0x080065fc   0x00000030   Code   RO          470    i.app_reply_atcmd_excute  atcmd.o
    0x0800662c   0x0800662c   0x0000006c   Code   RO          471    i.app_reply_atcmd_search  atcmd.o
    0x08006698   0x08006698   0x0000010c   Code   RO          472    i.app_reply_atcmd_setting  atcmd.o
    0x080067a4   0x080067a4   0x00000140   Code   RO          338    i.deca_configure    deca_table.o
    0x080068e4   0x080068e4   0x0000000c   Code   RO         4704    i.decamutexoff      deca_mutex.o
    0x080068f0   0x080068f0   0x00000012   Code   RO         4705    i.decamutexon       deca_mutex.o
    0x08006902   0x08006902   0x00000002   PAD
    0x08006904   0x08006904   0x00000068   Code   RO          339    i.decarangingmode   deca_table.o
    0x0800696c   0x0800696c   0x00000290   Code   RO          473    i.display_deviceinfo  atcmd.o
    0x08006bfc   0x08006bfc   0x00000218   Code   RO         4082    i.dwt_configure     deca_device.o
    0x08006e14   0x08006e14   0x00000024   Code   RO         4084    i.dwt_configuresleep  deca_device.o
    0x08006e38   0x08006e38   0x0000001a   Code   RO         4086    i.dwt_configuretxrf  deca_device.o
    0x08006e52   0x08006e52   0x00000002   PAD
    0x08006e54   0x08006e54   0x00000058   Code   RO         4096    i.dwt_forcetrxoff   deca_device.o
    0x08006eac   0x08006eac   0x0000017c   Code   RO         4104    i.dwt_initialise    deca_device.o
    0x08007028   0x08007028   0x00000130   Code   RO         4105    i.dwt_isr           deca_device.o
    0x08007158   0x08007158   0x0000001e   Code   RO         4111    i.dwt_read16bitoffsetreg  deca_device.o
    0x08007176   0x08007176   0x00000022   Code   RO         4112    i.dwt_read32bitoffsetreg  deca_device.o
    0x08007198   0x08007198   0x00000014   Code   RO         4113    i.dwt_read8bitoffsetreg  deca_device.o
    0x080071ac   0x080071ac   0x0000000c   Code   RO         4116    i.dwt_readdevid     deca_device.o
    0x080071b8   0x080071b8   0x00000038   Code   RO         4119    i.dwt_readfromdevice  deca_device.o
    0x080071f0   0x080071f0   0x00000012   Code   RO         4120    i.dwt_readrxdata    deca_device.o
    0x08007202   0x08007202   0x00000010   Code   RO         4121    i.dwt_readrxtimestamp  deca_device.o
    0x08007212   0x08007212   0x00000010   Code   RO         4124    i.dwt_readsystime   deca_device.o
    0x08007222   0x08007222   0x0000004e   Code   RO         4132    i.dwt_rxenable      deca_device.o
    0x08007270   0x08007270   0x00000018   Code   RO         4133    i.dwt_rxreset       deca_device.o
    0x08007288   0x08007288   0x00000010   Code   RO         4135    i.dwt_setcallbacks  deca_device.o
    0x08007298   0x08007298   0x0000000e   Code   RO         4137    i.dwt_setdelayedtrxtime  deca_device.o
    0x080072a6   0x080072a6   0x00000010   Code   RO         4138    i.dwt_seteui        deca_device.o
    0x080072b6   0x080072b6   0x00000002   PAD
    0x080072b8   0x080072b8   0x0000001c   Code   RO         4139    i.dwt_setfinegraintxseq  deca_device.o
    0x080072d4   0x080072d4   0x00000038   Code   RO         4142    i.dwt_setinterrupt  deca_device.o
    0x0800730c   0x0800730c   0x00000084   Code   RO         4143    i.dwt_setleds       deca_device.o
    0x08007390   0x08007390   0x00000032   Code   RO         4144    i.dwt_setlnapamode  deca_device.o
    0x080073c2   0x080073c2   0x0000000e   Code   RO         4147    i.dwt_setpanid      deca_device.o
    0x080073d0   0x080073d0   0x00000020   Code   RO         4149    i.dwt_setrxaftertxdelay  deca_device.o
    0x080073f0   0x080073f0   0x00000014   Code   RO         4150    i.dwt_setrxantennadelay  deca_device.o
    0x08007404   0x08007404   0x0000004c   Code   RO         4151    i.dwt_setrxtimeout  deca_device.o
    0x08007450   0x08007450   0x0000000e   Code   RO         4155    i.dwt_settxantennadelay  deca_device.o
    0x0800745e   0x0800745e   0x00000012   Code   RO         4156    i.dwt_setxtaltrim   deca_device.o
    0x08007470   0x08007470   0x00000048   Code   RO         4157    i.dwt_softreset     deca_device.o
    0x080074b8   0x080074b8   0x00000058   Code   RO         4159    i.dwt_starttx       deca_device.o
    0x08007510   0x08007510   0x00000024   Code   RO         4160    i.dwt_syncrxbufptrs  deca_device.o
    0x08007534   0x08007534   0x00000016   Code   RO         4161    i.dwt_write16bitoffsetreg  deca_device.o
    0x0800754a   0x0800754a   0x0000001e   Code   RO         4162    i.dwt_write32bitoffsetreg  deca_device.o
    0x08007568   0x08007568   0x00000010   Code   RO         4163    i.dwt_write8bitoffsetreg  deca_device.o
    0x08007578   0x08007578   0x00000038   Code   RO         4164    i.dwt_writetodevice  deca_device.o
    0x080075b0   0x080075b0   0x00000024   Code   RO         4165    i.dwt_writetxdata   deca_device.o
    0x080075d4   0x080075d4   0x00000020   Code   RO         4166    i.dwt_writetxfctrl  deca_device.o
    0x080075f4   0x080075f4   0x000000dc   Code   RO          388    i.flash_config      flash_info.o
    0x080076d0   0x080076d0   0x00000014   Code   RO          804    i.fputc             usart.o
    0x080076e4   0x080076e4   0x00000026   Code   RO           25    i.get_rx_timestamp_u64  deca_instance.o
    0x0800770a   0x0800770a   0x00000026   Code   RO           26    i.get_sys_timestamp_u64  deca_instance.o
    0x08007730   0x08007730   0x0000004c   Code   RO           27    i.insaddress        deca_instance.o
    0x0800777c   0x0800777c   0x000000a8   Code   RO           28    i.instance_calc_distance  deca_instance.o
    0x08007824   0x08007824   0x00000158   Code   RO          579    i.main              main.o
    0x0800797c   0x0800797c   0x0000001a   Code   RO           29    i.msg_get_ts        deca_instance.o
    0x08007996   0x08007996   0x00000016   Code   RO           30    i.msg_set_ts        deca_instance.o
    0x080079ac   0x080079ac   0x00000014   Code   RO         4954    i.port_DisableEXT_IRQ  port.o
    0x080079c0   0x080079c0   0x0000000c   Code   RO         4959    i.port_EnableEXT_IRQ  port.o
    0x080079cc   0x080079cc   0x0000000a   Code   RO         4964    i.port_GetEXT_IRQStatus  port.o
    0x080079d6   0x080079d6   0x00000002   PAD
    0x080079d8   0x080079d8   0x00000014   Code   RO         4836    i.port_set_dw1000_fastrate  port.o
    0x080079ec   0x080079ec   0x00000014   Code   RO         4837    i.port_set_dw1000_slowrate  port.o
    0x08007a00   0x08007a00   0x00000034   Code   RO         4838    i.port_stop_all_UWB  port.o
    0x08007a34   0x08007a34   0x0000001c   Code   RO         4949    i.process_deca_irq  port.o
    0x08007a50   0x08007a50   0x00000068   Code   RO         4782    i.readfromspi       deca_spi.o
    0x08007ab8   0x08007ab8   0x0000003c   Code   RO         4841    i.reset_DW1000      port.o
    0x08007af4   0x08007af4   0x00000044   Code   RO         4842    i.setup_DW1000RSTnIRQ  port.o
    0x08007b38   0x08007b38   0x000000a4   Code   RO           31    i.testappruns       deca_instance.o
    0x08007bdc   0x08007bdc   0x0000006c   Code   RO           32    i.twr_rx_cb         deca_instance.o
    0x08007c48   0x08007c48   0x00000018   Code   RO           33    i.twr_rx_error_cb   deca_instance.o
    0x08007c60   0x08007c60   0x00000054   Code   RO           34    i.twr_rx_timeout_cb  deca_instance.o
    0x08007cb4   0x08007cb4   0x00000002   Code   RO           35    i.twr_tx_tag_cb     deca_instance.o
    0x08007cb6   0x08007cb6   0x00000018   Code   RO         4844    i.usleep            port.o
    0x08007cce   0x08007cce   0x00000002   PAD
    0x08007cd0   0x08007cd0   0x0000005c   Code   RO         4783    i.writetospi        deca_spi.o
    0x08007d2c   0x08007d2c   0x0000002c   Code   RO         5206    locale$$code        c_p.l(lc_ctype_c.o)
    0x08007d58   0x08007d58   0x00000064   Code   RO         5101    x$fpl$dleqf         fz_ps.l(dlef.o)
    0x08007dbc   0x08007dbc   0x00000068   Code   RO         5105    x$fpl$drleqf        fz_ps.l(drlef.o)
    0x08007e24   0x08007e24   0x00000000   Code   RO         5141    x$fpl$usenofp       fz_ps.l(usenofp.o)
    0x08007e24   0x08007e24   0x000000a0   Data   RO          340    .constdata          deca_table.o
    0x08007ec4   0x08007ec4   0x00000018   Data   RO         3574    .constdata          stm32g0xx_hal_uart.o
    0x08007edc   0x08007edc   0x00000010   Data   RO         3935    .constdata          stm32g0xx_hal_uart_ex.o
    0x08007eec   0x08007eec   0x00000040   Data   RO         4031    .constdata          system_stm32g0xx.o
    0x08007f2c   0x08007f2c   0x00000020   Data   RO         4032    .constdata          system_stm32g0xx.o
    0x08007f4c   0x08007f4c   0x00000008   Data   RO         4738    .constdata          deca_params_init.o
    0x08007f54   0x08007f54   0x00000018   Data   RO         4739    .constdata          deca_params_init.o
    0x08007f6c   0x08007f6c   0x00000018   Data   RO         4740    .constdata          deca_params_init.o
    0x08007f84   0x08007f84   0x00000006   Data   RO         4741    .constdata          deca_params_init.o
    0x08007f8a   0x08007f8a   0x00000002   Data   RO         4742    .constdata          deca_params_init.o
    0x08007f8c   0x08007f8c   0x00000008   Data   RO         4743    .constdata          deca_params_init.o
    0x08007f94   0x08007f94   0x00000003   Data   RO         4744    .constdata          deca_params_init.o
    0x08007f97   0x08007f97   0x00000001   PAD
    0x08007f98   0x08007f98   0x0000000c   Data   RO         4745    .constdata          deca_params_init.o
    0x08007fa4   0x08007fa4   0x00000004   Data   RO         4746    .constdata          deca_params_init.o
    0x08007fa8   0x08007fa8   0x00000020   Data   RO         4747    .constdata          deca_params_init.o
    0x08007fc8   0x08007fc8   0x00000032   Data   RO         4748    .constdata          deca_params_init.o
    0x08007ffa   0x08007ffa   0x00000028   Data   RO         5022    .constdata          c_p.l(_printf_hex_int.o)
    0x08008022   0x08008022   0x00000011   Data   RO         5052    .constdata          c_p.l(__printf_flags_wp.o)
    0x08008033   0x08008033   0x00000080   Data   RO         5089    .constdata          fz_ps.l(ddiv.o)
    0x080080b3   0x080080b3   0x00000001   PAD
    0x080080b4   0x080080b4   0x00000020   Data   RO         5328    Region$$Table       anon$$obj.o
    0x080080d4   0x080080d4   0x00000110   Data   RO         5205    locale$$data        c_p.l(lc_ctype_c.o)


    Execution Region RW_IRAM1 (Exec base: 0x20000000, Load base: 0x080081e4, Size: 0x00001510, Max: 0x00009000, ABSOLUTE, COMPRESSED[0x0000004c])

    Exec Addr    Load Addr    Size         Type   Attr      Idx    E Section Name        Object

    0x20000000   COMPRESSED   0x000000b0   Data   RW           40    .data               deca_instance.o
    0x200000b0   COMPRESSED   0x00000004   Data   RW           43    .data               deca_instance.o
    0x200000b4   COMPRESSED   0x00000054   Data   RW          341    .data               deca_table.o
    0x20000108   COMPRESSED   0x00000004   Data   RW          390    .data               flash_info.o
    0x2000010c   COMPRESSED   0x00000004   Data   RW          427    .data               stmflash.o
    0x20000110   COMPRESSED   0x00000008   Data   RW          475    .data               atcmd.o
    0x20000118   COMPRESSED   0x00000014   Data   RW          754    .data               tim.o
    0x2000012c   COMPRESSED   0x00000006   Data   RW          808    .data               usart.o
    0x20000132   COMPRESSED   0x00000002   PAD
    0x20000134   COMPRESSED   0x00000004   Data   RW          809    .data               usart.o
    0x20000138   COMPRESSED   0x0000000c   Data   RW         1923    .data               stm32g0xx_hal.o
    0x20000144   COMPRESSED   0x00000004   Data   RW         4033    .data               system_stm32g0xx.o
    0x20000148   COMPRESSED   0x00000004   Data   RW         4168    .data               deca_device.o
    0x2000014c   COMPRESSED   0x00000008   Data   RW         4845    .data               port.o
    0x20000154   COMPRESSED   0x00000004   PAD
    0x20000158        -       0x000004b8   Zero   RW           36    .bss                deca_instance.o
    0x20000610        -       0x00000110   Zero   RW          389    .bss                flash_info.o
    0x20000720        -       0x00000190   Zero   RW          474    .bss                atcmd.o
    0x200008b0        -       0x00000064   Zero   RW          713    .bss                spi.o
    0x20000914        -       0x0000004c   Zero   RW          752    .bss                tim.o
    0x20000960        -       0x00000368   Zero   RW          805    .bss                usart.o
    0x20000cc8        -       0x000000c8   Zero   RW          806    .bss                usart.o
    0x20000d90        -       0x000000c8   Zero   RW          807    .bss                usart.o
    0x20000e58        -       0x0000001c   Zero   RW         1198    .bss                stm32g0xx_hal_flash.o
    0x20000e74        -       0x00000038   Zero   RW         4167    .bss                deca_device.o
    0x20000eac        -       0x00000060   Zero   RW         5193    .bss                c_p.l(libspace.o)
    0x20000f0c   COMPRESSED   0x00000004   PAD
    0x20000f10        -       0x00000200   Zero   RW            2    HEAP                startup_stm32g070xx.o
    0x20001110        -       0x00000400   Zero   RW            1    STACK               startup_stm32g070xx.o


==============================================================================

Image component sizes


      Code (inc. data)   RO Data    RW Data    ZI Data      Debug   Object Name

      2948        928          0          8        400      18499   atcmd.o
      2914        190          0          4         56      30708   deca_device.o
      3856        390          0        180       1208     453114   deca_instance.o
        30          0          0          0          0        929   deca_mutex.o
         0          0        173          0          0       2064   deca_params_init.o
       196         10          0          0          0       6535   deca_spi.o
       440         54        160         84          0       4039   deca_table.o
        56          4          0          0          0        698   dma.o
       276         44          0          4        272       2251   flash_info.o
       248         12          0          0          0        939   gpio.o
       488         44          0          0          0       2328   main.o
       378         34          0          8          0      19303   port.o
       172         20          0          0        100       1525   spi.o
        56         26        184          0       1536        612   startup_stm32g070xx.o
       196         30          0         12          0      16640   stm32g0xx_hal.o
       148         24          0          0          0      11965   stm32g0xx_hal_cortex.o
       888         42          0          0          0       6010   stm32g0xx_hal_dma.o
       344         56          0          0         28      16598   stm32g0xx_hal_flash.o
       188         26          0          0          0       2718   stm32g0xx_hal_flash_ex.o
       412         22          0          0          0       3563   stm32g0xx_hal_gpio.o
        52          6          0          0          0        782   stm32g0xx_hal_msp.o
        76         14          0          0          0        714   stm32g0xx_hal_pwr_ex.o
      1508         88          0          0          0      20221   stm32g0xx_hal_rcc.o
       352         14          0          0          0       1588   stm32g0xx_hal_rcc_ex.o
      1570          8          0          0          0       8259   stm32g0xx_hal_spi.o
      1038         56          0          0          0       9225   stm32g0xx_hal_tim.o
       114         12          0          0          0       2844   stm32g0xx_hal_tim_ex.o
      3844        116         24          0          0      44628   stm32g0xx_hal_uart.o
       276          6         16          0          0       4962   stm32g0xx_hal_uart_ex.o
       122         36          0          0          0       5114   stm32g0xx_it.o
       144          8          0          4          0       2175   stmflash.o
         2          0         96          4          0       1039   system_stm32g0xx.o
       496         50          0         20         76       2710   tim.o
       762        100          0         10       1272       7534   usart.o

    ----------------------------------------------------------------------
     24626       2470        686        340       4952     712833   Object Totals
         0          0         32          0          0          0   (incl. Generated)
        36          0          1          2          4          0   (incl. Padding)

    ----------------------------------------------------------------------

      Code (inc. data)   RO Data    RW Data    ZI Data      Debug   Library Member Name

        64         10          0          0          0         84   __0sscanf.o
        28          6          0          0          0         84   __2printf.o
        44          4          0          0          0         84   __2sprintf.o
        86          0          0          0          0          0   __dczerorl2.o
         8          0          0          0          0         68   __main.o
       312          6         17          0          0         76   __printf_flags_wp.o
        14          0          0          0          0         60   __printf_wp.o
         0          0          0          0          0          0   __rtentry.o
        12          0          0          0          0          0   __rtentry2.o
         6          0          0          0          0          0   __rtentry4.o
        60          8          0          0          0          0   __scatter.o
        28          0          0          0          0          0   __scatter_zi.o
        30          0          0          0          0         60   _chval.o
        10          0          0          0          0          0   _printf_c.o
        46          0          0          0          0        100   _printf_char.o
        48          6          0          0          0         88   _printf_char_common.o
        40          6          0          0          0         72   _printf_char_file.o
        10          0          0          0          0          0   _printf_d.o
       108         18          0          0          0         76   _printf_dec.o
        88          4         40          0          0         72   _printf_hex_int.o
       176          0          0          0          0         84   _printf_intcommon.o
        78          0          0          0          0        100   _printf_pad.o
         2          0          0          0          0          0   _printf_percent.o
         4          0          0          0          0          0   _printf_percent_end.o
        10          0          0          0          0          0   _printf_s.o
        82          0          0          0          0         72   _printf_str.o
        10          0          0          0          0          0   _printf_x.o
       916         16          0          0          0         84   _scanf.o
       330          0          0          0          0         84   _scanf_int.o
        68          0          0          0          0         76   _sgetc.o
        10          0          0          0          0         60   _sputc.o
       346          0          0          0          0         92   aeabi_sdiv.o
        16          0          0          0          0         68   exit.o
         8          0          0          0          0         60   ferror.o
         6          0          0          0          0        136   heapauxi.o
        18          0          0          0          0         68   isspace.o
        44         10        272          0          0         76   lc_ctype_c.o
         2          0          0          0          0          0   libinit.o
        20          0          0          0          0          0   libinit2.o
         2          0          0          0          0          0   libshutdown.o
         2          0          0          0          0          0   libshutdown2.o
         8          4          0          0         96         68   libspace.o
        16          4          0          0          0         76   rt_ctype_table.o
         8          4          0          0          0         68   rt_locale_intlibspace.o
        64          0          0          0          0        108   rt_memclr.o
       186          0          0          0          0        144   rt_memcpy.o
         2          0          0          0          0          0   rtexit.o
        10          0          0          0          0          0   rtexit2.o
        40          0          0          0          0         60   rtudiv10.o
        48          8          0          0          0         84   scanf_char.o
       136          4          0          0          0         72   strcmp.o
        40          0          0          0          0         72   strstr.o
        62          0          0          0          0         80   sys_stackheap_outer.o
         2          0          0          0          0         68   use_no_semi.o
         2          0          0          0          0         68   use_no_semi_2.o
        46          0          0          0          0         60   cmpret.o
       856         20          0          0          0        208   daddsub.o
       144          4          0          0          0         76   dcmpin.o
      1096         26        128          0          0        112   ddiv.o
       108         10          0          0          0         72   dfixi.o
       180          6          0          0          0         76   dfixl.o
        88          0          0          0          0         92   dflti.o
       132          4          0          0          0        100   dfltl.o
       100          4          0          0          0         92   dlef.o
       584         26          0          0          0         84   dmul.o
        20          6          0          0          0         68   dnan2.o
       104          4          0          0          0        104   drlef.o
        96         12          0          0          0         72   dscalbn.o
        94          0          0          0          0         68   retnan.o
         0          0          0          0          0          0   usenofp.o

    ----------------------------------------------------------------------
      7482        240        458          0        100       4236   Library Totals
        18          0          1          0          4          0   (incl. Padding)

    ----------------------------------------------------------------------

      Code (inc. data)   RO Data    RW Data    ZI Data      Debug   Library Name

      3816        118        329          0         96       2952   c_p.l
      3648        122        128          0          0       1284   fz_ps.l

    ----------------------------------------------------------------------
      7482        240        458          0        100       4236   Library Totals

    ----------------------------------------------------------------------

==============================================================================


      Code (inc. data)   RO Data    RW Data    ZI Data      Debug   

     32108       2710       1144        340       5052     705037   Grand Totals
     32108       2710       1144         76       5052     705037   ELF Image Totals (compressed)
     32108       2710       1144         76          0          0   ROM Totals

==============================================================================

    Total RO  Size (Code + RO Data)                33252 (  32.47kB)
    Total RW  Size (RW Data + ZI Data)              5392 (   5.27kB)
    Total ROM Size (Code + RO Data + RW Data)      33328 (  32.55kB)

==============================================================================

