<html>
<body>
<pre>
<h1>礦ision Build Log</h1>
<h2>Tool Versions:</h2>
IDE-Version: μVision V5.36.0.0
Copyright (C) 2021 ARM Ltd and ARM Germany GmbH. All rights reserved.
License Information: Pazfic Deouny, SZTU, LIC=CZLZX-HVES6-RACDM-XE2GC-TC5LS-XSJY4
 
Tool Versions:
Toolchain:       MDK-ARM Plus  Version: 5.36.0.0
Toolchain Path:  D:\keil5\ARM\ARMCC\Bin
C Compiler:      Armcc.exe V5.06 update 7 (build 960)
Assembler:       Armasm.exe V5.06 update 7 (build 960)
Linker/Locator:  ArmLink.exe V5.06 update 7 (build 960)
Library Manager: ArmAr.exe V5.06 update 7 (build 960)
Hex Converter:   FromElf.exe V5.06 update 7 (build 960)
CPU DLL:         SARMCM3.DLL V5.36.0.0
Dialog DLL:      DARMCM1.DLL V1.19.4.0
Target DLL:      STLink\ST-LINKIII-KEIL_SWO.dll V3.0.9.0
Dialog DLL:      TARMCM1.DLL V1.14.4.0
 
<h2>Project:</h2>
D:\1024_project\UWB_Rebuilt\MDK-ARM\mini5.uvprojx
Project File Date:  09/01/2025

<h2>Output:</h2>
*** Using Compiler 'V5.06 update 7 (build 960)', folder: 'D:\keil5\ARM\ARMCC\Bin'
Build target 'mini5'
compiling tim.c...
compiling deca_instance.c...
..\mydriver\deca_instance.c(113): warning:  #47-D: incompatible redefinition of macro "POLL_MSG_LEN"  (declared at line 42 of "..\mydriver\dwt_common.h")
  #define POLL_MSG_LEN        6  // Tag发送的POLL帧的长度-FCODE(1)+RANGE_NUM(1)+POLL_TX_TS(4)
..\mydriver\deca_instance.c(264): warning:  #177-D: variable "ret_T"  was declared but never referenced
      int ret_T = 0;
..\mydriver\deca_instance.c(265): warning:  #177-D: variable "ret_A"  was declared but never referenced
      int ret_A = 0;
..\mydriver\deca_instance.c(266): warning:  #177-D: variable "u"  was declared but never referenced
      int u = 0;
..\mydriver\deca_instance.c(640): warning:  #177-D: variable "Anch_num"  was declared but never referenced
          uint8_t Anch_num = 0;
..\mydriver\deca_instance.c(878): warning:  #177-D: variable "Anch_num"  was declared but never referenced
          uint8_t Anch_num = 0;
..\mydriver\deca_instance.c(229): warning:  #177-D: variable "resp_rx_tag"  was declared but never referenced
  static uint64_t resp_rx_tag[MAX_ANCHOR_LIST_SIZE]; // 发送response 时间
..\mydriver\deca_instance.c(1143): warning:  #177-D: function "get_tx_timestamp_u64"  was declared but never referenced
  static uint64_t get_tx_timestamp_u64(void) {
..\mydriver\deca_instance.c: 8 warnings, 0 errors
linking...
Program Size: Code=32408 RO-data=1144 RW-data=352 ZI-data=5064  
FromELF: creating hex file...
"mini5\mini5.axf" - 0 Error(s), 8 Warning(s).

<h2>Software Packages used:</h2>

Package Vendor: ARM
                http://www.keil.com/pack/ARM.CMSIS.5.9.0.pack
                ARM.CMSIS.5.9.0
                CMSIS (Common Microcontroller Software Interface Standard)
   * Component: CORE Version: 5.6.0

Package Vendor: Keil
                https://www.keil.com/pack/Keil.STM32G0xx_DFP.2.0.0.pack
                Keil.STM32G0xx_DFP.2.0.0
                STMicroelectronics STM32G0 Series Device Support

<h2>Collection of Component include folders:</h2>
  .\RTE\_mini5
  C:\Users\34509\AppData\Local\Arm\Packs\ARM\CMSIS\5.9.0\CMSIS\Core\Include

<h2>Collection of Component Files used:</h2>

   * Component: ARM::CMSIS:CORE:5.6.0
      Include file:  CMSIS\Core\Include\tz_context.h
Build Time Elapsed:  00:00:02
</pre>
</body>
</html>
